== Phase 2 Fork F-G1-R1 (vitality + LTD復活 + enthalpy 統合 + 過剰接続) 固定 A-E パターン訓練版 ==
  訓練入力 = 確率的ホワイトノイズ (p=0.00167/step/input)
  内部機構は決定論的、外部刺激は環境のランダム性そのまま
  評価入力 = 固定 A-E (比較可能性のため)

  グリッド: 20x22
  ニューロン: input=20 exc=344 inh=76
  入力 fanout: 80
  軸索成長周期: 200 step

  実構築:
    neurons     : 440
    synapses    : 16880 (open=16880, plastic=16880)
    memory      : 764 KB

  評価パターン (新 A-E, 0-95ms 5ms step):
    A: [0.0, 5.0, 10.0, 15.0, 20.0, 25.0, 30.0, 35.0]
    B: [95.0, 90.0, 85.0, 80.0, 75.0, 70.0, 65.0, 60.0]
    C: [0.0, 50.0, 5.0, 55.0, 10.0, 60.0, 15.0, 65.0]
    D: [50.0, 55.0, 60.0, 65.0, 70.0, 75.0, 80.0, 85.0]
    E: [60.0, 10.0, 50.0, 80.0, 15.0, 90.0, 55.0, 0.0]

== Phase 1: 訓練前評価 ==

  -- PRE --
    selectivity   : 0.410  (within 0.555 - between 0.145)
    active outputs: 39 / 40
    hit /pattern  : A:39/40  B:22/40  C:20/40  D:22/40  E:20/40  (across 20 samples)
    total spikes  : A:688  B:623  C:461  D:577  E:418  
  topology dump (PRE): phase2_f_fixed_topo_syn_pre.csv (17920 syn, 1040 new since build)

== Phase 2: 訓練 10000 試行 (固定 A-E パターン入力、報酬なし、target なし、apply_* なし) ==
  snap_interval = 500 step
  trial  within  select  active  silent  ent_μ  ent_max  enth_μ  cond_μ/max  open  grown/pruned
    500  0.900   0.724   20/40  0.50   81.7   450   10.0   14.0/100   17927   1047/0  sp=1.000
   1000  0.924   0.757   20/40  0.50   81.5   435   10.0   13.5/100   17928   1048/0  sp=1.000
   1500  0.913   0.753   20/40  0.50   81.1   420   10.0   13.2/100   17619   1048/309  sp=0.983
   2000  0.919   0.742   19/40  0.53   81.0   430   10.0   13.2/100   11754   1049/6175  sp=0.656
   2500  0.914   0.740   19/40  0.53   81.1   445   10.0   13.1/100   11528   1049/6401  sp=0.643
   3000  0.852   0.653   19/40  0.53   80.8   410   10.0   12.8/100   11448   1049/6481  sp=0.639
   3500  0.927   0.754   17/40  0.57   80.4   435   10.0   12.5/100   10984   1050/6946  sp=0.613
   4000  0.879   0.683   17/40  0.57   80.3   420   10.0   12.4/100   10773   1050/7157  sp=0.601
   4500  0.854   0.696   17/40  0.57   80.5   420   10.0   12.3/100   10647   1050/7283  sp=0.594
   5000  0.824   0.637   17/40  0.57   79.9   410   10.0   12.1/100   10562   1050/7368  sp=0.589
   5500  0.943   0.781   17/40  0.57   80.1   420   10.0   12.1/100   10517   1050/7413  sp=0.587
   6000  0.870   0.719   17/40  0.57   80.1   411   10.0   12.0/100   10432   1050/7498  sp=0.582
   6500  0.855   0.646   17/40  0.57   79.9   410   10.0   11.9/100   10265   1050/7665  sp=0.573
   7000  0.936   0.789   17/40  0.57   80.0   445   10.0   11.9/100   10265   1050/7665  sp=0.573
   7500  0.899   0.733   17/40  0.57   80.0   420   10.0   11.7/100   10142   1050/7788  sp=0.566
   8000  0.940   0.763   17/40  0.57   79.9   410   10.0   11.5/100   10099   1051/7832  sp=0.563
   8500  0.949   0.782   17/40  0.57   80.0   415   10.0   11.6/100   10058   1051/7873  sp=0.561
   9000  0.958   0.804   17/40  0.57   79.8   411   10.0   11.6/100   10058   1051/7873  sp=0.561
   9500  0.901   0.729   16/40  0.60   79.6   435   10.0   11.4/100   10058   1051/7873  sp=0.561
  10000  0.925   0.754   16/40  0.60   79.8   445   10.0   11.4/100   9973   1051/7958  sp=0.556
  topology dump (POST): phase2_f_fixed_topo_syn_post.csv (17931 syn, 1051 new)

== Phase 3: 訓練後評価 ==

  -- POST --
    selectivity   : 0.795  (within 0.953 - between 0.158)
    active outputs: 16 / 40
    hit /pattern  : A:16/40  B:16/40  C:12/40  D:16/40  E:13/40  (across 20 samples)
    total spikes  : A:340  B:481  C:240  D:340  E:260  

══════════════════════════════════════════════════════════
              Phase 2 動作確認サマリ
══════════════════════════════════════════════════════════
  PRE  selectivity=0.410  within=0.555  active=39/40
  POST selectivity=0.795  within=0.953  active=16/40
  最終 entropy μ=79.8 max=445
  最終 conductance μ=11.4 max=100
  軸索成長 累積=1051 刈り取り累積=7958
  open シナプス: 9973/17931

  CSV: phase2_f_fixed_snapshots.csv
