== Phase 2 Fork F-G1-R1 (vitality + LTD復活 + enthalpy 統合 + 過剰接続) ホワイトノイズ訓練版 ==
  訓練入力 = 確率的ホワイトノイズ (p=0.00167/step/input)
  内部機構は決定論的、外部刺激は環境のランダム性そのまま
  評価入力 = 固定 A-E (比較可能性のため)

  グリッド: 20x22
  ニューロン: input=20 exc=344 inh=76
  入力 fanout: 80
  軸索成長周期: 200 step

  実構築:
    neurons     : 440
    synapses    : 16880 (open=16880, plastic=16880)
    memory      : 764 KB

  評価パターン (新 A-E, 0-95ms 5ms step):
    A: [0.0, 5.0, 10.0, 15.0, 20.0, 25.0, 30.0, 35.0]
    B: [95.0, 90.0, 85.0, 80.0, 75.0, 70.0, 65.0, 60.0]
    C: [0.0, 50.0, 5.0, 55.0, 10.0, 60.0, 15.0, 65.0]
    D: [50.0, 55.0, 60.0, 65.0, 70.0, 75.0, 80.0, 85.0]
    E: [60.0, 10.0, 50.0, 80.0, 15.0, 90.0, 55.0, 0.0]

== Phase 1: 訓練前評価 ==

  -- PRE --
    selectivity   : 0.472  (within 0.593 - between 0.120)
    active outputs: 39 / 40
    hit /pattern  : A:39/40  B:35/40  C:31/40  D:32/40  E:26/40  (across 20 samples)
    total spikes  : A:885  B:887  C:656  D:786  E:567  
  topology dump (PRE): phase2_f_whitenoise_topo_syn_pre.csv (17874 syn, 994 new since build)

== Phase 2: 訓練 10000 試行 (ホワイトノイズ入力、報酬なし、target なし、apply_* なし) ==
  snap_interval = 500 step
  trial  within  select  active  silent  ent_μ  ent_max  enth_μ  cond_μ/max  open  grown/pruned
  [record] 入出力スパイクログを CSV 出力します
    500  0.263   -0.045   10/40  0.75   72.8   400   9.9   3.9/100   17899   1019/0  sp=1.000
   1000  0.237   -0.073   10/40  0.75   73.3   400   9.9   3.9/100   17906   1026/0  sp=1.000
   1500  0.265   -0.038   10/40  0.75   71.7   360   9.9   3.8/100   17432   1032/480  sp=0.973
   2000  0.247   -0.053   10/40  0.75   74.0   390   9.9   3.9/100   15710   1034/2204  sp=0.877
   2500  0.273   -0.050   10/40  0.75   72.6   400   9.9   3.9/100   14147   1039/3772  sp=0.789
   3000  0.260   -0.043   10/40  0.75   72.6   380   9.9   3.8/100   11492   1041/6429  sp=0.641
   3500  0.259   -0.055   10/40  0.75   73.4   420   9.9   3.9/100   6139   1043/11784  sp=0.343
   4000  0.235   -0.079   10/40  0.75   73.8   390   9.9   3.9/100   6140   1044/11784  sp=0.343
   4500  0.276   -0.049   10/40  0.75   70.7   350   9.9   3.8/100   6140   1044/11784  sp=0.343
   5000  0.264   -0.048   10/40  0.75   71.2   360   9.9   3.8/100   6140   1044/11784  sp=0.343
   5500  0.274   -0.059   10/40  0.75   71.4   360   9.9   3.7/100   6140   1044/11784  sp=0.343
   6000  0.251   -0.059   10/40  0.75   71.9   380   9.9   3.9/100   6141   1045/11784  sp=0.343
   6500  0.262   -0.055   10/40  0.75   71.7   390   9.9   3.7/100   6142   1046/11784  sp=0.343
   7000  0.224   -0.071   10/40  0.75   71.7   380   9.9   3.9/100   6142   1046/11784  sp=0.343
   7500  0.285   -0.038   10/40  0.75   71.3   390   9.9   3.8/100   6142   1046/11784  sp=0.343
   8000  0.209   -0.075   10/40  0.75   72.7   390   9.9   3.8/100   6142   1046/11784  sp=0.343
   8500  0.243   -0.072   10/40  0.75   74.0   405   9.9   4.0/100   6142   1046/11784  sp=0.343
   9000  0.233   -0.070   10/40  0.75   72.3   380   9.9   3.9/100   6144   1048/11784  sp=0.343
   9500  0.220   -0.064   10/40  0.75   72.4   370   9.9   3.8/100   6146   1050/11784  sp=0.343
  10000  0.223   -0.064   10/40  0.75   73.3   400   9.9   4.0/100   6146   1050/11784  sp=0.343
  [record] spike logs: phase2_f_whitenoise_input_spikes.csv (198175 events) / phase2_f_whitenoise_output_spikes.csv (118938 events)
  topology dump (POST): phase2_f_whitenoise_topo_syn_post.csv (17930 syn, 1050 new)

== Phase 3: 訓練後評価 ==

  -- POST --
    selectivity   : 0.448  (within 0.687 - between 0.238)
    active outputs: 10 / 40
    hit /pattern  : A:10/40  B:10/40  C:10/40  D:10/40  E:10/40  (across 20 samples)
    total spikes  : A:216  B:360  C:218  D:255  E:230  

══════════════════════════════════════════════════════════
              Phase 2 動作確認サマリ
══════════════════════════════════════════════════════════
  PRE  selectivity=0.472  within=0.593  active=39/40
  POST selectivity=0.448  within=0.687  active=10/40
  最終 entropy μ=91.1 max=470
  最終 conductance μ=4.7 max=100
  軸索成長 累積=1054 刈り取り累積=11784
  open シナプス: 6150/17934

  CSV: phase2_f_whitenoise_snapshots.csv
