== Phase 2 Fork F-G1-R1 (vitality + LTD復活 + enthalpy 統合 + 過剰接続) 固定 A-E パターン訓練版 ==
  訓練入力 = 確率的ホワイトノイズ (p=0.00167/step/input)
  内部機構は決定論的、外部刺激は環境のランダム性そのまま
  評価入力 = 固定 A-E (比較可能性のため)

  グリッド: 20x22
  ニューロン: input=20 exc=344 inh=76
  入力 fanout: 80
  軸索成長周期: 200 step

  実構築:
    neurons     : 440
    synapses    : 16880 (open=16880, plastic=16880)
    memory      : 764 KB

  評価パターン (新 A-E, 0-95ms 5ms step):
    A: [0.0, 5.0, 10.0, 15.0, 20.0, 25.0, 30.0, 35.0]
    B: [95.0, 90.0, 85.0, 80.0, 75.0, 70.0, 65.0, 60.0]
    C: [0.0, 50.0, 5.0, 55.0, 10.0, 60.0, 15.0, 65.0]
    D: [50.0, 55.0, 60.0, 65.0, 70.0, 75.0, 80.0, 85.0]
    E: [60.0, 10.0, 50.0, 80.0, 15.0, 90.0, 55.0, 0.0]

== Phase 1: 訓練前評価 ==

  -- PRE --
    selectivity   : 0.050  (within 0.734 - between 0.684)
    active outputs: 40 / 40
    hit /pattern  : A:40/40  B:39/40  C:35/40  D:38/40  E:28/40  (across 20 samples)
    total spikes  : A:1018  B:1015  C:680  D:930  E:565  
  topology dump (PRE): phase2_f_fixed_topo_syn_pre.csv (17927 syn, 1047 new since build)

== Phase 2: 訓練 10000 試行 (固定 A-E パターン入力、報酬なし、target なし、apply_* なし) ==
  snap_interval = 500 step
  trial  within  select  active  silent  ent_μ  ent_max  enth_μ  cond_μ/max  open  grown/pruned
    500  0.750   0.169   33/40  0.17   105.3   511   10.0   27.3/100   17949   1069/0  sp=1.000
   1000  0.772   0.247   31/40  0.23   106.1   510   10.0   25.7/100   17960   1080/0  sp=1.000
   1500  0.799   0.180   29/40  0.28   103.7   510   10.0   22.9/100   17686   1087/281  sp=0.984
   2000  0.776   0.131   29/40  0.28   102.8   500   10.0   22.1/100   16467   1088/1501  sp=0.916
   2500  0.743   0.166   29/40  0.28   102.2   490   10.0   21.0/100   16230   1091/1741  sp=0.903
   3000  0.821   0.219   29/40  0.28   101.7   500   10.0   20.4/100   15909   1091/2062  sp=0.885
   3500  0.852   0.206   29/40  0.28   101.4   481   10.0   20.1/100   15144   1092/2828  sp=0.843
   4000  0.773   0.141   29/40  0.28   101.2   500   10.0   20.1/100   14694   1094/3280  sp=0.818
   4500  0.790   0.256   29/40  0.28   100.9   490   10.0   19.7/100   14063   1097/3914  sp=0.782
   5000  0.771   0.162   29/40  0.28   101.2   500   10.0   19.3/100   13535   1097/4442  sp=0.753
