warning: unused import: `GROWTH_THRESHOLD`
 --> src\..\src_phase2\thermo_network.rs:7:45
  |
7 |     axon_growth_step, build_position_index, GROWTH_THRESHOLD,
  |                                             ^^^^^^^^^^^^^^^^
  |
  = note: `#[warn(unused_imports)]` (part of `#[warn(unused)]`) on by default

warning: unused import: `VecDeque`
  --> src\..\src_phase2\thermo_network.rs:14:33
   |
14 | use std::collections::{HashMap, VecDeque};
   |                                 ^^^^^^^^

warning: unused import: `GROWTH_THRESHOLD`
 --> src\..\src_phase2_a\thermo_network.rs:7:45
  |
7 |     axon_growth_step, build_position_index, GROWTH_THRESHOLD,
  |                                             ^^^^^^^^^^^^^^^^

warning: unused import: `VecDeque`
  --> src\..\src_phase2_a\thermo_network.rs:14:33
   |
14 | use std::collections::{HashMap, VecDeque};
   |                                 ^^^^^^^^

warning: unused import: `GROWTH_THRESHOLD`
 --> src\..\src_phase2_b\thermo_network.rs:7:45
  |
7 |     axon_growth_step, build_position_index, GROWTH_THRESHOLD,
  |                                             ^^^^^^^^^^^^^^^^

warning: unused import: `VecDeque`
  --> src\..\src_phase2_b\thermo_network.rs:14:33
   |
14 | use std::collections::{HashMap, VecDeque};
   |                                 ^^^^^^^^

warning: unused import: `GROWTH_THRESHOLD`
 --> src\..\src_phase2_c\thermo_network.rs:7:45
  |
7 |     axon_growth_step, build_position_index, GROWTH_THRESHOLD,
  |                                             ^^^^^^^^^^^^^^^^

warning: unused import: `VecDeque`
  --> src\..\src_phase2_c\thermo_network.rs:14:33
   |
14 | use std::collections::{HashMap, VecDeque};
   |                                 ^^^^^^^^

warning: unused import: `GROWTH_THRESHOLD`
 --> src\..\src_phase2_d\thermo_network.rs:7:45
  |
7 |     axon_growth_step, build_position_index, GROWTH_THRESHOLD,
  |                                             ^^^^^^^^^^^^^^^^

warning: unused import: `OPEN_THRESHOLD`
  --> src\..\src_phase2_d\thermo_network.rs:10:44
   |
10 | use super::thermo_synapse::{ThermoSynapse, OPEN_THRESHOLD};
   |                                            ^^^^^^^^^^^^^^

warning: unused import: `VecDeque`
  --> src\..\src_phase2_d\thermo_network.rs:14:33
   |
14 | use std::collections::{HashMap, VecDeque};
   |                                 ^^^^^^^^

warning: unused import: `GROWTH_THRESHOLD`
 --> src\..\src_phase2_e\thermo_network.rs:7:45
  |
7 |     axon_growth_step, build_position_index, GROWTH_THRESHOLD,
  |                                             ^^^^^^^^^^^^^^^^

warning: unused import: `VecDeque`
  --> src\..\src_phase2_e\thermo_network.rs:14:33
   |
14 | use std::collections::{HashMap, VecDeque};
   |                                 ^^^^^^^^

warning: unused import: `GROWTH_THRESHOLD`
 --> src\..\src_phase2_f\thermo_network.rs:7:45
  |
7 |     axon_growth_step, build_position_index, GROWTH_THRESHOLD,
  |                                             ^^^^^^^^^^^^^^^^

warning: unused import: `VecDeque`
  --> src\..\src_phase2_f\thermo_network.rs:14:33
   |
14 | use std::collections::{HashMap, VecDeque};
   |                                 ^^^^^^^^

warning: method `accumulate_eligibility` is never used
   --> src\network.rs:393:8
    |
124 | impl Network {
    | ------------ method in this implementation
...
393 |     fn accumulate_eligibility(&mut self, s_idx: usize, delta: f64) {
    |        ^^^^^^^^^^^^^^^^^^^^^^
    |
    = note: `#[warn(dead_code)]` (part of `#[warn(unused)]`) on by default

warning: field `is_inh` is never read
   --> src\binary_network.rs:162:5
    |
148 | pub struct BinaryNetwork {
    |            ------------- field in this struct
...
162 |     is_inh: Vec<bool>,
    |     ^^^^^^

warning: method `accumulate_eligibility` is never used
   --> src\binary_network.rs:366:8
    |
169 | impl BinaryNetwork {
    | ------------------ method in this implementation
...
366 |     fn accumulate_eligibility(&mut self, s_idx: usize, delta: f32) {
    |        ^^^^^^^^^^^^^^^^^^^^^^

warning: variable `zN_w` should have a snake case name
   --> src\..\src_phase3_3d\thermo_network_3d.rs:112:14
    |
112 |         let (zN_w, zN_h) = layer_grids[(grid_d - 1) as usize];
    |              ^^^^ help: convert the identifier to snake case: `z_n_w`
    |
    = note: `#[warn(non_snake_case)]` (part of `#[warn(nonstandard_style)]`) on by default

warning: variable `zN_h` should have a snake case name
   --> src\..\src_phase3_3d\thermo_network_3d.rs:112:20
    |
112 |         let (zN_w, zN_h) = layer_grids[(grid_d - 1) as usize];
    |                    ^^^^ help: convert the identifier to snake case: `z_n_h`

warning: variable `zN_w` should have a snake case name
   --> src\..\src_phase3_3d\thermo_network_3d.rs:298:22
    |
298 |                 let (zN_w, zN_h) = layer_grids[(config.grid_d - 1) as usize];
    |                      ^^^^ help: convert the identifier to snake case: `z_n_w`

warning: variable `zN_h` should have a snake case name
   --> src\..\src_phase3_3d\thermo_network_3d.rs:298:28
    |
298 |                 let (zN_w, zN_h) = layer_grids[(config.grid_d - 1) as usize];
    |                            ^^^^ help: convert the identifier to snake case: `z_n_h`

warning: `spiking_brain` (lib) generated 22 warnings (run `cargo fix --lib -p spiking_brain` to apply 15 suggestions)
    Finished `release` profile [optimized] target(s) in 0.04s
     Running `target\release\m0_m1_3d_pipeline.exe 5000 80 random 22 spindle`
== M0+M1 3D パイプライン: 音素 5 種識別 (HCP 12 近傍) ==
  音素: pa, ki, tu, se, mo
  M0: 20 帯域蝸牛 (ERB スケール 50Hz-4kHz)
  M1 3D: grid 5×6×22 = 660 セル (柱状 HCP)
    底面 z=0 (30): 入力 20 中央 + 内部 10
    内部 z=1..20 (600): 興奮 500 + 抑制 110 (18%)
    上面 z=21 (30): 出力 30 完全充填
  評価: 時間 bin 化 fingerprint (30 出力 × 30 bin = 900 dim)
  ★ placement: spindle (5×8×22、 775 cells、 入力 20 → 中間ピーク 40 → 出力 30)
  ★ input_fanout オーバーライド: 80 (デフォルト 80)
  ★ overconnect_mode: Random (fanout=40)
  UP/DOWN 状態: 無効 (dense 入力では過剰刺激、§5.12.7-A)

  音節波形を生成中...
    pa: 3200 samples, RMS=4634
    ki: 3200 samples, RMS=4609
    tu: 3200 samples, RMS=4780
    se: 3200 samples, RMS=7235
    mo: 3200 samples, RMS=3391

  ネットワーク:
    neurons   : 775
    synapses  : 29180 (open=29180)
    fanout    : input=80, grid=5×8×22

  z 層別ニューロン分布 (input/exc/inh):
    z   | input | exc | inh | inh%
    ----|-------|-----|-----|-----
      0 |    20 |   0 |   0 |  0.0%
      1 |     0 |  21 |   4 | 16.0%
      2 |     0 |  20 |  10 | 33.3%
      3 |     0 |  30 |   5 | 14.3%
      4 |     0 |  33 |   7 | 17.5%
      5 |     0 |  34 |   6 | 15.0%
      6 |     0 |  32 |   8 | 20.0%
      7 |     0 |  30 |  10 | 25.0%
      8 |     0 |  37 |   3 |  7.5%
      9 |     0 |  35 |   5 | 12.5%
     10 |     0 |  33 |   7 | 17.5%
     11 |     0 |  35 |   5 | 12.5%
     12 |     0 |  31 |   9 | 22.5%
     13 |     0 |  32 |   8 | 20.0%
     14 |     0 |  32 |   8 | 20.0%
     15 |     0 |  34 |   6 | 15.0%
     16 |     0 |  29 |   6 | 17.1%
     17 |     0 |  24 |   6 | 20.0%
     18 |     0 |  21 |   9 | 30.0%
     19 |     0 |  26 |   4 | 13.3%
     20 |     0 |  25 |   5 | 16.7%
     21 |     0 |  30 |   0 |  0.0%
    合計内部 (出力含む): 624 興奮 + 131 抑制 = 755 (✓ 抑制比 17.4%)

== Phase 1: 訓練前評価 ==

  -- PRE --
    selectivity   : 0.178  (within 0.489 - between 0.311)
    active outputs: 21 / 30
    hit /syllable : pa:21/30  ki:13/30  tu:14/30  se:9/30  mo:8/30  (across 20 samples)
    total spikes  : pa:264  ki:232  tu:207  se:282  mo:194  
    出力スパイク時刻分布 (ms, 試行 0-300ms 内):
      p10=102.0  p25=150.0  p50=160.5  p75=213.5  p90=292.5  mean=175.4  (n=1179)

== Phase 2: 訓練 5000 試行 (音節ランダム選択) ==
  snap_interval = 500
    500  within=0.979  sel=0.317  act=8/30  ent_μ=62.1  cond_μ=4.4  open=30991  grown/pruned=1811/0
   1000  within=1.000  sel=0.321  act=8/30  ent_μ=62.0  cond_μ=4.3  open=30991  grown/pruned=1811/0
   1500  within=1.000  sel=0.321  act=8/30  ent_μ=62.0  cond_μ=4.4  open=22590  grown/pruned=1811/8401
   2000  within=0.995  sel=0.305  act=8/30  ent_μ=61.9  cond_μ=4.3  open=11150  grown/pruned=1812/19842
   2500  within=0.993  sel=0.308  act=8/30  ent_μ=61.9  cond_μ=4.3  open=11030  grown/pruned=1812/19962
   3000  within=1.000  sel=0.306  act=8/30  ent_μ=61.9  cond_μ=4.3  open=10965  grown/pruned=1812/20027
   3500  within=0.993  sel=0.308  act=8/30  ent_μ=61.8  cond_μ=4.3  open=10945  grown/pruned=1812/20047
   4000  within=0.993  sel=0.306  act=8/30  ent_μ=61.7  cond_μ=4.3  open=10945  grown/pruned=1812/20047
   4500  within=0.995  sel=0.305  act=8/30  ent_μ=61.7  cond_μ=4.3  open=10945  grown/pruned=1812/20047
   5000  within=0.993  sel=0.308  act=8/30  ent_μ=61.7  cond_μ=4.3  open=10945  grown/pruned=1812/20047

== Phase 3: 訓練後評価 (出力 layer 30) ==

  -- POST (output) --
    selectivity   : 0.306  (within 1.000 - between 0.694)
    active outputs: 8 / 30
    hit /syllable : pa:7/30  ki:7/30  tu:7/30  se:8/30  mo:7/30  (across 20 samples)
    total spikes  : pa:140  ki:140  tu:180  se:200  mo:200  
    出力スパイク時刻分布 (ms, 試行 0-300ms 内):
      p10=150.0  p25=151.5  p50=153.0  p75=163.0  p90=299.0  mean=175.0  (n=860)

══════════════════════════════════════════════════════════
== Phase 3b: 内部 640 ニューロン全体での再評価 ==
══════════════════════════════════════════════════════════
  内部ニューロン数 (出力含む): 755
  -- POST (internal 755) --
    selectivity   : 0.294  (within 0.995 - between 0.700)
    fingerprint dim: 755 × 30 bin = 22650

══════════════════════════════════════════════════════════
  M0+M1 3D 音素識別サマリ
  軸索成長 累積=1812 刈り取り累積=20047
  open シナプス: 10945/30992
  CSV: phase3_3d_phoneme_snapshots.csv
