== Phase 2 Fork F-G1-R1 (vitality + LTD復活 + enthalpy 統合 + 過剰接続) 固定 A-E パターン訓練版 ==
  訓練入力 = 確率的ホワイトノイズ (p=0.00167/step/input)
  内部機構は決定論的、外部刺激は環境のランダム性そのまま
  評価入力 = 固定 A-E (比較可能性のため)

  グリッド: 20x20
  ニューロン: input=20 exc=320 inh=60
  入力 fanout: 80
  軸索成長周期: 200 step

  実構築:
    neurons     : 400
    synapses    : 15600 (open=15600, plastic=15600)
    memory      : 704 KB

  評価パターン (新 A-E, 0-95ms 5ms step):
    A: [0.0, 5.0, 10.0, 15.0, 20.0, 25.0, 30.0, 35.0]
    B: [95.0, 90.0, 85.0, 80.0, 75.0, 70.0, 65.0, 60.0]
    C: [0.0, 50.0, 5.0, 55.0, 10.0, 60.0, 15.0, 65.0]
    D: [50.0, 55.0, 60.0, 65.0, 70.0, 75.0, 80.0, 85.0]
    E: [60.0, 10.0, 50.0, 80.0, 15.0, 90.0, 55.0, 0.0]

== Phase 1: 訓練前評価 ==

  -- PRE --
    selectivity   : 0.043  (within 0.762 - between 0.719)
    active outputs: 40 / 40
    hit /pattern  : A:40/40  B:30/40  C:27/40  D:27/40  E:28/40  (across 20 samples)
    total spikes  : A:829  B:753  C:571  D:726  E:578  
  topology dump (PRE): phase2_f_fixed_topo_syn_pre.csv (16762 syn, 1162 new since build)

== Phase 2: 訓練 10000 試行 (固定 A-E パターン入力、報酬なし、target なし、apply_* なし) ==
  snap_interval = 500 step
  trial  within  select  active  silent  ent_μ  ent_max  enth_μ  cond_μ/max  open  grown/pruned
    500  0.783   0.125   27/40  0.33   104.3   516   10.0   22.3/100   16768   1168/0  sp=1.000
   1000  0.798   0.171   27/40  0.33   104.2   545   10.0   20.9/100   16768   1168/0  sp=1.000
   1500  0.885   0.219   26/40  0.35   102.5   535   10.0   19.1/100   16683   1168/85  sp=0.995
   2000  0.827   0.198   24/40  0.40   101.2   505   10.0   18.7/100   14856   1168/1912  sp=0.886
   2500  0.790   0.157   23/40  0.42   101.3   535   10.0   17.8/100   14315   1170/2455  sp=0.854
   3000  0.911   0.216   22/40  0.45   100.3   525   10.0   17.5/100   13990   1172/2782  sp=0.834
   3500  0.924   0.235   22/40  0.45   100.8   525   10.0   17.6/100   13193   1173/3580  sp=0.787
   4000  0.777   0.154   21/40  0.47   100.1   545   10.0   17.2/100   12611   1173/4162  sp=0.752
   4500  0.743   0.213   21/40  0.47   99.5   525   10.0   16.8/100   12234   1173/4539  sp=0.729
   5000  0.859   0.216   20/40  0.50   99.4   515   10.0   16.6/100   11981   1173/4792  sp=0.714
   5500  0.890   0.215   20/40  0.50   98.7   525   10.0   16.3/100   11734   1174/5040  sp=0.700
   6000  0.862   0.191   20/40  0.50   99.0   515   10.0   15.9/100   11608   1176/5168  sp=0.692
   6500  0.726   0.218   20/40  0.50   98.6   525   10.0   15.5/100   11564   1177/5213  sp=0.689
   7000  0.916   0.258   19/40  0.53   98.4   525   10.0   15.1/100   11478   1177/5299  sp=0.684
   7500  0.885   0.216   19/40  0.53   97.7   525   10.0   14.6/100   11269   1177/5508  sp=0.672
   8000  0.888   0.217   18/40  0.55   97.5   525   10.0   14.6/100   11229   1177/5548  sp=0.669
   8500  0.897   0.234   18/40  0.55   97.9   515   10.0   14.5/100   11142   1177/5635  sp=0.664
   9000  0.833   0.209   18/40  0.55   97.3   515   10.0   14.4/100   11018   1177/5759  sp=0.657
   9500  0.721   0.194   18/40  0.55   97.0   515   10.0   14.1/100   10892   1177/5885  sp=0.649
  10000  0.916   0.283   18/40  0.55   97.2   525   10.0   14.1/100   10807   1177/5970  sp=0.644
  topology dump (POST): phase2_f_fixed_topo_syn_post.csv (16777 syn, 1177 new)

== Phase 3: 訓練後評価 ==

  -- POST --
    selectivity   : 0.258  (within 0.921 - between 0.663)
    active outputs: 18 / 40
    hit /pattern  : A:16/40  B:16/40  C:15/40  D:16/40  E:15/40  (across 20 samples)
    total spikes  : A:320  B:416  C:276  D:424  E:300  

══════════════════════════════════════════════════════════
              Phase 2 動作確認サマリ
══════════════════════════════════════════════════════════
  PRE  selectivity=0.043  within=0.762  active=40/40
  POST selectivity=0.258  within=0.921  active=18/40
  最終 entropy μ=97.0 max=515
  最終 conductance μ=14.0 max=100
  軸索成長 累積=1177 刈り取り累積=6095
  open シナプス: 10682/16777

  CSV: phase2_f_fixed_snapshots.csv
