warning: unused import: `GROWTH_THRESHOLD`
 --> src\..\src_phase2\thermo_network.rs:7:45
  |
7 |     axon_growth_step, build_position_index, GROWTH_THRESHOLD,
  |                                             ^^^^^^^^^^^^^^^^
  |
  = note: `#[warn(unused_imports)]` (part of `#[warn(unused)]`) on by default

warning: unused import: `VecDeque`
  --> src\..\src_phase2\thermo_network.rs:14:33
   |
14 | use std::collections::{HashMap, VecDeque};
   |                                 ^^^^^^^^

warning: unused import: `GROWTH_THRESHOLD`
 --> src\..\src_phase2_a\thermo_network.rs:7:45
  |
7 |     axon_growth_step, build_position_index, GROWTH_THRESHOLD,
  |                                             ^^^^^^^^^^^^^^^^

warning: unused import: `VecDeque`
  --> src\..\src_phase2_a\thermo_network.rs:14:33
   |
14 | use std::collections::{HashMap, VecDeque};
   |                                 ^^^^^^^^

warning: unused import: `GROWTH_THRESHOLD`
 --> src\..\src_phase2_b\thermo_network.rs:7:45
  |
7 |     axon_growth_step, build_position_index, GROWTH_THRESHOLD,
  |                                             ^^^^^^^^^^^^^^^^

warning: unused import: `VecDeque`
  --> src\..\src_phase2_b\thermo_network.rs:14:33
   |
14 | use std::collections::{HashMap, VecDeque};
   |                                 ^^^^^^^^

warning: unused import: `GROWTH_THRESHOLD`
 --> src\..\src_phase2_c\thermo_network.rs:7:45
  |
7 |     axon_growth_step, build_position_index, GROWTH_THRESHOLD,
  |                                             ^^^^^^^^^^^^^^^^

warning: unused import: `VecDeque`
  --> src\..\src_phase2_c\thermo_network.rs:14:33
   |
14 | use std::collections::{HashMap, VecDeque};
   |                                 ^^^^^^^^

warning: unused import: `GROWTH_THRESHOLD`
 --> src\..\src_phase2_d\thermo_network.rs:7:45
  |
7 |     axon_growth_step, build_position_index, GROWTH_THRESHOLD,
  |                                             ^^^^^^^^^^^^^^^^

warning: unused import: `OPEN_THRESHOLD`
  --> src\..\src_phase2_d\thermo_network.rs:10:44
   |
10 | use super::thermo_synapse::{ThermoSynapse, OPEN_THRESHOLD};
   |                                            ^^^^^^^^^^^^^^

warning: unused import: `VecDeque`
  --> src\..\src_phase2_d\thermo_network.rs:14:33
   |
14 | use std::collections::{HashMap, VecDeque};
   |                                 ^^^^^^^^

warning: unused import: `GROWTH_THRESHOLD`
 --> src\..\src_phase2_e\thermo_network.rs:7:45
  |
7 |     axon_growth_step, build_position_index, GROWTH_THRESHOLD,
  |                                             ^^^^^^^^^^^^^^^^

warning: unused import: `VecDeque`
  --> src\..\src_phase2_e\thermo_network.rs:14:33
   |
14 | use std::collections::{HashMap, VecDeque};
   |                                 ^^^^^^^^

warning: unused import: `GROWTH_THRESHOLD`
 --> src\..\src_phase2_f\thermo_network.rs:7:45
  |
7 |     axon_growth_step, build_position_index, GROWTH_THRESHOLD,
  |                                             ^^^^^^^^^^^^^^^^

warning: unused import: `VecDeque`
  --> src\..\src_phase2_f\thermo_network.rs:15:33
   |
15 | use std::collections::{HashMap, VecDeque};
   |                                 ^^^^^^^^

warning: method `accumulate_eligibility` is never used
   --> src\network.rs:393:8
    |
124 | impl Network {
    | ------------ method in this implementation
...
393 |     fn accumulate_eligibility(&mut self, s_idx: usize, delta: f64) {
    |        ^^^^^^^^^^^^^^^^^^^^^^
    |
    = note: `#[warn(dead_code)]` (part of `#[warn(unused)]`) on by default

warning: field `is_inh` is never read
   --> src\binary_network.rs:162:5
    |
148 | pub struct BinaryNetwork {
    |            ------------- field in this struct
...
162 |     is_inh: Vec<bool>,
    |     ^^^^^^

warning: method `accumulate_eligibility` is never used
   --> src\binary_network.rs:366:8
    |
169 | impl BinaryNetwork {
    | ------------------ method in this implementation
...
366 |     fn accumulate_eligibility(&mut self, s_idx: usize, delta: f32) {
    |        ^^^^^^^^^^^^^^^^^^^^^^

warning: variable `zN_w` should have a snake case name
   --> src\..\src_phase3_3d\thermo_network_3d.rs:112:14
    |
112 |         let (zN_w, zN_h) = layer_grids[(grid_d - 1) as usize];
    |              ^^^^ help: convert the identifier to snake case: `z_n_w`
    |
    = note: `#[warn(non_snake_case)]` (part of `#[warn(nonstandard_style)]`) on by default

warning: variable `zN_h` should have a snake case name
   --> src\..\src_phase3_3d\thermo_network_3d.rs:112:20
    |
112 |         let (zN_w, zN_h) = layer_grids[(grid_d - 1) as usize];
    |                    ^^^^ help: convert the identifier to snake case: `z_n_h`

warning: variable `zN_w` should have a snake case name
   --> src\..\src_phase3_3d\thermo_network_3d.rs:318:22
    |
318 |                 let (zN_w, zN_h) = layer_grids[(config.grid_d - 1) as usize];
    |                      ^^^^ help: convert the identifier to snake case: `z_n_w`

warning: variable `zN_h` should have a snake case name
   --> src\..\src_phase3_3d\thermo_network_3d.rs:318:28
    |
318 |                 let (zN_w, zN_h) = layer_grids[(config.grid_d - 1) as usize];
    |                            ^^^^ help: convert the identifier to snake case: `z_n_h`

warning: `spiking_brain` (lib) generated 22 warnings (run `cargo fix --lib -p spiking_brain` to apply 15 suggestions)
    Finished `release` profile [optimized] target(s) in 0.57s
     Running `target\release\m0_cn_m1_pipeline.exe 10000 3 30`
== M0 蝸牛 → M0.5 蝸牛神経核 → M1 パイプライン ==
  M0:   20 帯域蝸牛
  M0.5: Octopus 4 + Bushy 20 + Stellate 20 = 44ch (3 細胞型 信号分解)
  M1:   44 入力 → 40 出力 (grid 20×23)
  音素: pa, ki, tu, se, mo
  ★ 時間圧縮速度: 3x (音素長 67ms、 STDP 窓 80ms)
  ★ 減衰 30x 遅延: conductance 30000step, vitality 300000step

  M1: neurons=460, synapses=18800 (in=44, out=40)

== Phase 1: 訓練前評価 ==

  -- PRE --
    selectivity   : 0.257  (within 0.548 - between 0.290)
    active outputs: 40 / 40
    hit /syllable : pa:40/40  ki:16/40  tu:17/40  se:20/40  mo:12/40  

== Phase 2: 訓練 10000 試行 ==
  trial   500: sel=0.394 within=0.808 active=19/40 open=20035
  trial  1000: sel=0.462 within=0.843 active=19/40 open=20042
  trial  1500: sel=0.417 within=0.879 active=19/40 open=20050
  trial  2000: sel=0.437 within=0.826 active=19/40 open=20056
  trial  2500: sel=0.473 within=0.855 active=19/40 open=20056
  trial  3000: sel=0.465 within=0.871 active=19/40 open=20057
  trial  3500: sel=0.511 within=0.897 active=19/40 open=20058
  trial  4000: sel=0.396 within=0.803 active=19/40 open=20061
  trial  4500: sel=0.481 within=0.845 active=19/40 open=20062
  trial  5000: sel=0.522 within=0.854 active=19/40 open=20063
  trial  5500: sel=0.469 within=0.865 active=19/40 open=20063
  trial  6000: sel=0.480 within=0.891 active=19/40 open=20064
  trial  6500: sel=0.364 within=0.780 active=19/40 open=20065
  trial  7000: sel=0.486 within=0.825 active=19/40 open=20069
  trial  7500: sel=0.431 within=0.818 active=19/40 open=20070
  trial  8000: sel=0.403 within=0.849 active=19/40 open=20072
  trial  8500: sel=0.481 within=0.861 active=19/40 open=20073
  trial  9000: sel=0.449 within=0.887 active=19/40 open=20074
  trial  9500: sel=0.526 within=0.912 active=19/40 open=20075
  trial 10000: sel=0.566 within=0.913 active=19/40 open=20077

== Phase 3: 訓練後評価 ==

  -- POST --
    selectivity   : 0.537  (within 0.884 - between 0.347)
    active outputs: 19 / 40
    hit /syllable : pa:18/40  ki:18/40  tu:18/40  se:19/40  mo:18/40  

  ── per-pair M1 出力 between (平均 fingerprint) ──
    pa-ki: 0.766
    pa-tu: 0.725
    pa-se: 0.655
    pa-mo: 0.847
    ki-tu: 0.959
    ki-se: 0.772
    ki-mo: 0.841
    tu-se: 0.804
    tu-mo: 0.797
    se-mo: 0.660
    平均 = 0.783  (M0→M1 直結 baseline は 0.956〜1.0)

  軸索成長 1277 刈り取り 0 open 20077/20077
