== M0 蝸牛 → M0.5 蝸牛神経核 → M1 パイプライン ==
  M0:   40 帯域蝸牛 (旧 20→40 拡張、 ki/se 分化改善)
  M0.5: Octopus 4 + Bushy 40 + Stellate 40 = 84ch (3 細胞型 信号分解)
  M1:   84 入力 → 40 出力 (grid 20×26)
  音素: pa, ki, tu, se, mo
  ★ 時間圧縮速度: 3x (音素長 67ms、 STDP 窓 80ms)
  ★ 減衰 3x 遅延: conductance 3000step, vitality 30000step

  M1: neurons=520, synapses=22740 (in=84, out=40)

== Phase 1: 訓練前評価 ==

  -- PRE --
    selectivity   : 0.291  (within 0.578 - between 0.287)
    active outputs: 40 / 40
    hit /syllable : pa:40/40  ki:19/40  tu:12/40  se:23/40  mo:12/40  

== Phase 2: 訓練 5000 試行 ==
  trial   500: sel=0.472 within=0.852 active=18/40 open=24229
  trial  1000: sel=0.529 within=0.849 active=18/40 open=24233
  trial  1500: sel=0.486 within=0.812 active=18/40 open=24237
  trial  2000: sel=0.475 within=0.800 active=18/40 open=24240
  trial  2500: sel=0.496 within=0.829 active=18/40 open=24242
  trial  3000: sel=0.540 within=0.855 active=18/40 open=24245
  trial  3500: sel=0.511 within=0.825 active=18/40 open=24246
  trial  4000: sel=0.465 within=0.800 active=18/40 open=24248
  trial  4500: sel=0.445 within=0.752 active=18/40 open=24251
  trial  5000: sel=0.569 within=0.861 active=18/40 open=20880

== Phase 3: 訓練後評価 ==

  -- POST --
    selectivity   : 0.581  (within 0.859 - between 0.277)
    active outputs: 18 / 40
    hit /syllable : pa:17/40  ki:17/40  tu:17/40  se:18/40  mo:16/40  

  ── per-pair M1 出力 between (平均 fingerprint) ──
    pa-ki: 0.913
    pa-tu: 0.906
    pa-se: 0.858
    pa-mo: 0.863
    ki-tu: 0.966
    ki-se: 0.908
    ki-mo: 0.777
    tu-se: 0.896
    tu-mo: 0.773
    se-mo: 0.811
    平均 = 0.867  (M0→M1 直結 baseline は 0.956〜1.0)

  軸索成長 1511 刈り取り 6370 open 17881/24251
