== Phase 2 Fork F-G1-R1 (vitality + LTD復活 + enthalpy 統合 + 過剰接続) 固定 A-E パターン訓練版 ==
  訓練入力 = 確率的ホワイトノイズ (p=0.00167/step/input)
  内部機構は決定論的、外部刺激は環境のランダム性そのまま
  評価入力 = 固定 A-E (比較可能性のため)

  グリッド: 20x20
  ニューロン: input=20 exc=320 inh=60
  入力 fanout: 80
  軸索成長周期: 200 step

  実構築:
    neurons     : 400
    synapses    : 15600 (open=15600, plastic=15600)
    memory      : 704 KB

  評価パターン (新 A-E, 0-95ms 5ms step):
    A: [0.0, 5.0, 10.0, 15.0, 20.0, 25.0, 30.0, 35.0]
    B: [95.0, 90.0, 85.0, 80.0, 75.0, 70.0, 65.0, 60.0]
    C: [0.0, 50.0, 5.0, 55.0, 10.0, 60.0, 15.0, 65.0]
    D: [50.0, 55.0, 60.0, 65.0, 70.0, 75.0, 80.0, 85.0]
    E: [60.0, 10.0, 50.0, 80.0, 15.0, 90.0, 55.0, 0.0]

== Phase 1: 訓練前評価 ==

  -- PRE --
    selectivity   : 0.055  (within 0.787 - between 0.732)
    active outputs: 40 / 40
    hit /pattern  : A:40/40  B:31/40  C:29/40  D:29/40  E:28/40  (across 20 samples)
    total spikes  : A:872  B:750  C:592  D:759  E:540  
  topology dump (PRE): phase2_f_fixed_topo_syn_pre.csv (16203 syn)

== Phase 2: 訓練 10000 試行 (固定 A-E パターン入力、報酬なし、target なし、apply_* なし) ==
  snap_interval = 500 step
  trial  within  select  active  silent  ent_μ  ent_max  enth_μ  cond_μ/max  open  grown/pruned
    500  0.764   0.138   24/40  0.40   105.2   520   10.0   25.0/100   16204   604/0  sp=1.000
   1000  0.754   0.297   24/40  0.40   104.5   545   10.0   22.7/100   16204   604/0  sp=1.000
   1500  0.901   0.242   24/40  0.40   103.0   545   10.0   20.2/100   16124   604/80  sp=0.995
   2000  0.884   0.204   23/40  0.42   102.3   500   10.0   19.6/100   14461   605/1744  sp=0.892
   2500  0.948   0.284   22/40  0.45   101.9   530   10.0   18.6/100   14143   608/2065  sp=0.873
   3000  0.827   0.187   22/40  0.45   100.8   545   10.0   18.3/100   14064   609/2145  sp=0.868
   3500  0.915   0.267   21/40  0.47   101.0   545   10.0   17.9/100   13130   609/3079  sp=0.810
   4000  0.812   0.170   21/40  0.47   100.3   545   10.0   17.3/100   12517   609/3692  sp=0.772
   4500  0.900   0.217   20/40  0.50   100.2   545   10.0   16.8/100   11939   611/4272  sp=0.736
   5000  0.762   0.121   19/40  0.53   99.3   535   10.0   16.5/100   11613   611/4598  sp=0.716
   5500  0.903   0.200   19/40  0.53   99.2   530   10.0   16.2/100   11490   611/4721  sp=0.709
   6000  0.849   0.179   19/40  0.53   99.3   535   10.0   15.7/100   11178   611/5033  sp=0.690
   6500  0.893   0.192   18/40  0.55   99.1   525   10.0   15.1/100   11054   611/5157  sp=0.682
   7000  0.882   0.200   18/40  0.55   98.6   525   10.0   15.2/100   10891   611/5320  sp=0.672
   7500  0.855   0.176   18/40  0.55   98.6   525   10.0   14.9/100   10662   611/5549  sp=0.658
   8000  0.754   0.186   18/40  0.55   98.1   525   10.0   14.8/100   10581   611/5630  sp=0.653
   8500  0.892   0.439   18/40  0.55   98.9   525   10.0   14.7/100   10459   611/5752  sp=0.645
   9000  0.901   0.223   18/40  0.55   97.7   525   10.0   14.5/100   10296   611/5915  sp=0.635
   9500  0.831   0.153   18/40  0.55   97.7   525   10.0   14.1/100   10130   611/6081  sp=0.625
  10000  0.904   0.214   18/40  0.55   97.5   525   10.0   14.2/100   10130   611/6081  sp=0.625
  topology dump (POST): phase2_f_fixed_topo_syn_post.csv (16211 syn, 8 new)

== Phase 3: 訓練後評価 ==

  -- POST --
    selectivity   : 0.294  (within 0.974 - between 0.680)
    active outputs: 18 / 40
    hit /pattern  : A:17/40  B:18/40  C:16/40  D:17/40  E:16/40  (across 20 samples)
    total spikes  : A:340  B:508  C:320  D:409  E:320  

══════════════════════════════════════════════════════════
              Phase 2 動作確認サマリ
══════════════════════════════════════════════════════════
  PRE  selectivity=0.055  within=0.787  active=40/40
  POST selectivity=0.294  within=0.974  active=18/40
  最終 entropy μ=97.2 max=525
  最終 conductance μ=14.0 max=100
  軸索成長 累積=611 刈り取り累積=6122
  open シナプス: 10089/16211

  CSV: phase2_f_fixed_snapshots.csv
