warning: unused import: `GROWTH_THRESHOLD`
 --> src\..\src_phase2\thermo_network.rs:7:45
  |
7 |     axon_growth_step, build_position_index, GROWTH_THRESHOLD,
  |                                             ^^^^^^^^^^^^^^^^
  |
  = note: `#[warn(unused_imports)]` (part of `#[warn(unused)]`) on by default

warning: unused import: `VecDeque`
  --> src\..\src_phase2\thermo_network.rs:14:33
   |
14 | use std::collections::{HashMap, VecDeque};
   |                                 ^^^^^^^^

warning: unused import: `GROWTH_THRESHOLD`
 --> src\..\src_phase2_a\thermo_network.rs:7:45
  |
7 |     axon_growth_step, build_position_index, GROWTH_THRESHOLD,
  |                                             ^^^^^^^^^^^^^^^^

warning: unused import: `VecDeque`
  --> src\..\src_phase2_a\thermo_network.rs:14:33
   |
14 | use std::collections::{HashMap, VecDeque};
   |                                 ^^^^^^^^

warning: unused import: `GROWTH_THRESHOLD`
 --> src\..\src_phase2_b\thermo_network.rs:7:45
  |
7 |     axon_growth_step, build_position_index, GROWTH_THRESHOLD,
  |                                             ^^^^^^^^^^^^^^^^

warning: unused import: `VecDeque`
  --> src\..\src_phase2_b\thermo_network.rs:14:33
   |
14 | use std::collections::{HashMap, VecDeque};
   |                                 ^^^^^^^^

warning: unused import: `GROWTH_THRESHOLD`
 --> src\..\src_phase2_c\thermo_network.rs:7:45
  |
7 |     axon_growth_step, build_position_index, GROWTH_THRESHOLD,
  |                                             ^^^^^^^^^^^^^^^^

warning: unused import: `VecDeque`
  --> src\..\src_phase2_c\thermo_network.rs:14:33
   |
14 | use std::collections::{HashMap, VecDeque};
   |                                 ^^^^^^^^

warning: unused import: `GROWTH_THRESHOLD`
 --> src\..\src_phase2_d\thermo_network.rs:7:45
  |
7 |     axon_growth_step, build_position_index, GROWTH_THRESHOLD,
  |                                             ^^^^^^^^^^^^^^^^

warning: unused import: `OPEN_THRESHOLD`
  --> src\..\src_phase2_d\thermo_network.rs:10:44
   |
10 | use super::thermo_synapse::{ThermoSynapse, OPEN_THRESHOLD};
   |                                            ^^^^^^^^^^^^^^

warning: unused import: `VecDeque`
  --> src\..\src_phase2_d\thermo_network.rs:14:33
   |
14 | use std::collections::{HashMap, VecDeque};
   |                                 ^^^^^^^^

warning: unused import: `GROWTH_THRESHOLD`
 --> src\..\src_phase2_e\thermo_network.rs:7:45
  |
7 |     axon_growth_step, build_position_index, GROWTH_THRESHOLD,
  |                                             ^^^^^^^^^^^^^^^^

warning: unused import: `VecDeque`
  --> src\..\src_phase2_e\thermo_network.rs:14:33
   |
14 | use std::collections::{HashMap, VecDeque};
   |                                 ^^^^^^^^

warning: unused import: `GROWTH_THRESHOLD`
 --> src\..\src_phase2_f\thermo_network.rs:7:45
  |
7 |     axon_growth_step, build_position_index, GROWTH_THRESHOLD,
  |                                             ^^^^^^^^^^^^^^^^

warning: unused import: `VecDeque`
  --> src\..\src_phase2_f\thermo_network.rs:15:33
   |
15 | use std::collections::{HashMap, VecDeque};
   |                                 ^^^^^^^^

warning: method `accumulate_eligibility` is never used
   --> src\network.rs:393:8
    |
124 | impl Network {
    | ------------ method in this implementation
...
393 |     fn accumulate_eligibility(&mut self, s_idx: usize, delta: f64) {
    |        ^^^^^^^^^^^^^^^^^^^^^^
    |
    = note: `#[warn(dead_code)]` (part of `#[warn(unused)]`) on by default

warning: field `is_inh` is never read
   --> src\binary_network.rs:162:5
    |
148 | pub struct BinaryNetwork {
    |            ------------- field in this struct
...
162 |     is_inh: Vec<bool>,
    |     ^^^^^^

warning: method `accumulate_eligibility` is never used
   --> src\binary_network.rs:366:8
    |
169 | impl BinaryNetwork {
    | ------------------ method in this implementation
...
366 |     fn accumulate_eligibility(&mut self, s_idx: usize, delta: f32) {
    |        ^^^^^^^^^^^^^^^^^^^^^^

warning: variable `zN_w` should have a snake case name
   --> src\..\src_phase3_3d\thermo_network_3d.rs:112:14
    |
112 |         let (zN_w, zN_h) = layer_grids[(grid_d - 1) as usize];
    |              ^^^^ help: convert the identifier to snake case: `z_n_w`
    |
    = note: `#[warn(non_snake_case)]` (part of `#[warn(nonstandard_style)]`) on by default

warning: variable `zN_h` should have a snake case name
   --> src\..\src_phase3_3d\thermo_network_3d.rs:112:20
    |
112 |         let (zN_w, zN_h) = layer_grids[(grid_d - 1) as usize];
    |                    ^^^^ help: convert the identifier to snake case: `z_n_h`

warning: variable `zN_w` should have a snake case name
   --> src\..\src_phase3_3d\thermo_network_3d.rs:318:22
    |
318 |                 let (zN_w, zN_h) = layer_grids[(config.grid_d - 1) as usize];
    |                      ^^^^ help: convert the identifier to snake case: `z_n_w`

warning: variable `zN_h` should have a snake case name
   --> src\..\src_phase3_3d\thermo_network_3d.rs:318:28
    |
318 |                 let (zN_w, zN_h) = layer_grids[(config.grid_d - 1) as usize];
    |                            ^^^^ help: convert the identifier to snake case: `z_n_h`

warning: `spiking_brain` (lib) generated 22 warnings (run `cargo fix --lib -p spiking_brain` to apply 15 suggestions)
    Finished `release` profile [optimized] target(s) in 0.16s
     Running `target\release\m0_cn_m1_pipeline.exe 5000`
== M0 蝸牛 → M0.5 蝸牛神経核 → M1 パイプライン ==
  M0:   20 帯域蝸牛
  M0.5: Octopus 4 + Bushy 20 + Stellate 20 = 44ch (3 細胞型 信号分解)
  M1:   44 入力 → 40 出力 (grid 20×23)
  音素: pa, ki, tu, se, mo

  M1: neurons=460, synapses=18800 (in=44, out=40)

== Phase 1: 訓練前評価 ==

  -- PRE --
    selectivity   : 0.392  (within 0.505 - between 0.113)
    active outputs: 40 / 40
    hit /syllable : pa:40/40  ki:16/40  tu:15/40  se:20/40  mo:11/40  

== Phase 2: 訓練 5000 試行 ==
  trial   500: sel=0.269 within=0.921 active=13/40 open=19979
  trial  1000: sel=0.294 within=0.984 active=13/40 open=19981
  trial  1500: sel=0.340 within=0.984 active=13/40 open=19282
  trial  2000: sel=0.311 within=0.960 active=13/40 open=9182
  trial  2500: sel=0.310 within=0.908 active=13/40 open=8745
  trial  3000: sel=0.345 within=0.945 active=13/40 open=8692
  trial  3500: sel=0.351 within=0.997 active=13/40 open=8673
  trial  4000: sel=0.314 within=0.934 active=13/40 open=8582
  trial  4500: sel=0.307 within=0.957 active=13/40 open=8584
  trial  5000: sel=0.309 within=0.962 active=13/40 open=8503

== Phase 3: 訓練後評価 ==

  -- POST --
    selectivity   : 0.281  (within 0.967 - between 0.685)
    active outputs: 13 / 40
    hit /syllable : pa:11/40  ki:11/40  tu:11/40  se:13/40  mo:11/40  

  ── per-pair M1 出力 between (平均 fingerprint) ──
    pa-ki: 0.997
    pa-tu: 0.849
    pa-se: 0.980
    pa-mo: 0.960
    ki-tu: 0.844
    ki-se: 0.981
    ki-mo: 0.956
    tu-se: 0.804
    tu-mo: 0.783
    se-mo: 0.977
    平均 = 0.913  (M0→M1 直結 baseline は 0.956〜1.0)

  軸索成長 1186 刈り取り 11483 open 8503/19986
