== M0 蝸牛 → M0.5 蝸牛神経核 → M1 パイプライン ==
  M0:   40 帯域蝸牛 (旧 20→40 拡張、 ki/se 分化改善)
  M0.5: Octopus 4 + Bushy 40 + Stellate 40 = 84ch (3 細胞型 信号分解)
  M1:   84 入力 → 40 出力 (grid 20×26)
  音素: pa, ki, tu, se, mo
  ★ 時間圧縮速度: 3x (音素長 67ms、 STDP 窓 80ms)
  ★ 減衰 3x 遅延: conductance 3000step, vitality 30000step

  M1: neurons=520, synapses=22740 (in=84, out=40)

== Phase 1: 訓練前評価 ==

  -- PRE --
    selectivity   : 0.285  (within 0.565 - between 0.280)
    active outputs: 40 / 40
    hit /syllable : pa:40/40  ki:19/40  tu:14/40  se:23/40  mo:14/40  

== Phase 2: 訓練 5000 試行 ==
  trial   500: sel=0.476 within=0.848 active=19/40 open=24221
  trial  1000: sel=0.486 within=0.854 active=19/40 open=24226
  trial  1500: sel=0.462 within=0.833 active=18/40 open=24232
  trial  2000: sel=0.501 within=0.797 active=18/40 open=24238
  trial  2500: sel=0.467 within=0.816 active=18/40 open=24242
  trial  3000: sel=0.469 within=0.797 active=18/40 open=24245
  trial  3500: sel=0.469 within=0.783 active=18/40 open=24246
  trial  4000: sel=0.425 within=0.828 active=18/40 open=24246
  trial  4500: sel=0.452 within=0.796 active=18/40 open=24249
  trial  5000: sel=0.488 within=0.814 active=18/40 open=20955

== Phase 3: 訓練後評価 ==

  -- POST --
    selectivity   : 0.508  (within 0.819 - between 0.312)
    active outputs: 18 / 40
    hit /syllable : pa:17/40  ki:17/40  tu:17/40  se:18/40  mo:17/40  

  ── per-pair M1 出力 between (平均 fingerprint) ──
    pa-ki: 0.816
    pa-tu: 0.829
    pa-se: 0.833
    pa-mo: 0.844
    ki-tu: 0.953
    ki-se: 0.886
    ki-mo: 0.777
    tu-se: 0.860
    tu-mo: 0.809
    se-mo: 0.798
    平均 = 0.841  (M0→M1 直結 baseline は 0.956〜1.0)

  軸索成長 1511 刈り取り 6294 open 17957/24251
