warning: unused import: `GROWTH_THRESHOLD`
 --> src\..\src_phase2\thermo_network.rs:7:45
  |
7 |     axon_growth_step, build_position_index, GROWTH_THRESHOLD,
  |                                             ^^^^^^^^^^^^^^^^
  |
  = note: `#[warn(unused_imports)]` (part of `#[warn(unused)]`) on by default

warning: unused import: `VecDeque`
  --> src\..\src_phase2\thermo_network.rs:14:33
   |
14 | use std::collections::{HashMap, VecDeque};
   |                                 ^^^^^^^^

warning: unused import: `GROWTH_THRESHOLD`
 --> src\..\src_phase2_a\thermo_network.rs:7:45
  |
7 |     axon_growth_step, build_position_index, GROWTH_THRESHOLD,
  |                                             ^^^^^^^^^^^^^^^^

warning: unused import: `VecDeque`
  --> src\..\src_phase2_a\thermo_network.rs:14:33
   |
14 | use std::collections::{HashMap, VecDeque};
   |                                 ^^^^^^^^

warning: unused import: `GROWTH_THRESHOLD`
 --> src\..\src_phase2_b\thermo_network.rs:7:45
  |
7 |     axon_growth_step, build_position_index, GROWTH_THRESHOLD,
  |                                             ^^^^^^^^^^^^^^^^

warning: unused import: `VecDeque`
  --> src\..\src_phase2_b\thermo_network.rs:14:33
   |
14 | use std::collections::{HashMap, VecDeque};
   |                                 ^^^^^^^^

warning: unused import: `GROWTH_THRESHOLD`
 --> src\..\src_phase2_c\thermo_network.rs:7:45
  |
7 |     axon_growth_step, build_position_index, GROWTH_THRESHOLD,
  |                                             ^^^^^^^^^^^^^^^^

warning: unused import: `VecDeque`
  --> src\..\src_phase2_c\thermo_network.rs:14:33
   |
14 | use std::collections::{HashMap, VecDeque};
   |                                 ^^^^^^^^

warning: unused import: `GROWTH_THRESHOLD`
 --> src\..\src_phase2_d\thermo_network.rs:7:45
  |
7 |     axon_growth_step, build_position_index, GROWTH_THRESHOLD,
  |                                             ^^^^^^^^^^^^^^^^

warning: unused import: `OPEN_THRESHOLD`
  --> src\..\src_phase2_d\thermo_network.rs:10:44
   |
10 | use super::thermo_synapse::{ThermoSynapse, OPEN_THRESHOLD};
   |                                            ^^^^^^^^^^^^^^

warning: unused import: `VecDeque`
  --> src\..\src_phase2_d\thermo_network.rs:14:33
   |
14 | use std::collections::{HashMap, VecDeque};
   |                                 ^^^^^^^^

warning: unused import: `GROWTH_THRESHOLD`
 --> src\..\src_phase2_e\thermo_network.rs:7:45
  |
7 |     axon_growth_step, build_position_index, GROWTH_THRESHOLD,
  |                                             ^^^^^^^^^^^^^^^^

warning: unused import: `VecDeque`
  --> src\..\src_phase2_e\thermo_network.rs:14:33
   |
14 | use std::collections::{HashMap, VecDeque};
   |                                 ^^^^^^^^

warning: unused import: `GROWTH_THRESHOLD`
 --> src\..\src_phase2_f\thermo_network.rs:7:45
  |
7 |     axon_growth_step, build_position_index, GROWTH_THRESHOLD,
  |                                             ^^^^^^^^^^^^^^^^

warning: unused import: `VecDeque`
  --> src\..\src_phase2_f\thermo_network.rs:14:33
   |
14 | use std::collections::{HashMap, VecDeque};
   |                                 ^^^^^^^^

warning: method `accumulate_eligibility` is never used
   --> src\network.rs:393:8
    |
124 | impl Network {
    | ------------ method in this implementation
...
393 |     fn accumulate_eligibility(&mut self, s_idx: usize, delta: f64) {
    |        ^^^^^^^^^^^^^^^^^^^^^^
    |
    = note: `#[warn(dead_code)]` (part of `#[warn(unused)]`) on by default

warning: field `is_inh` is never read
   --> src\binary_network.rs:162:5
    |
148 | pub struct BinaryNetwork {
    |            ------------- field in this struct
...
162 |     is_inh: Vec<bool>,
    |     ^^^^^^

warning: method `accumulate_eligibility` is never used
   --> src\binary_network.rs:366:8
    |
169 | impl BinaryNetwork {
    | ------------------ method in this implementation
...
366 |     fn accumulate_eligibility(&mut self, s_idx: usize, delta: f32) {
    |        ^^^^^^^^^^^^^^^^^^^^^^

warning: `spiking_brain` (lib) generated 18 warnings (run `cargo fix --lib -p spiking_brain` to apply 15 suggestions)
    Finished `release` profile [optimized] target(s) in 0.05s
     Running `target\release\m0_m1_3d_pipeline.exe 5000 80 random 11`
== M0+M1 3D パイプライン: 音素 5 種識別 (HCP 12 近傍) ==
  音素: pa, ki, tu, se, mo
  M0: 20 帯域蝸牛 (ERB スケール 50Hz-4kHz)
  M1 3D: grid 5×6×22 = 660 セル (柱状 HCP)
    底面 z=0 (30): 入力 20 中央 + 内部 10
    内部 z=1..20 (600): 興奮 500 + 抑制 110 (18%)
    上面 z=21 (30): 出力 30 完全充填
  評価: 時間 bin 化 fingerprint (30 出力 × 30 bin = 900 dim)
  ★ grid_d オーバーライド: 11 (デフォルト 22)
  ★ input_fanout オーバーライド: 80 (デフォルト 80)
  ★ overconnect_mode: Random (fanout=40)
  UP/DOWN 状態: 無効 (dense 入力では過剰刺激、§5.12.7-A)

  音節波形を生成中...
    pa: 3200 samples, RMS=4634
    ki: 3200 samples, RMS=4609
    tu: 3200 samples, RMS=4780
    se: 3200 samples, RMS=7235
    mo: 3200 samples, RMS=3391

  ネットワーク:
    neurons   : 330
    synapses  : 13000 (open=13000)
    fanout    : input=80, grid=5×6×11

  z 層別ニューロン分布 (input/exc/inh):
    z   | input | exc | inh | inh%
    ----|-------|-----|-----|-----
      0 |    20 |  10 |   0 |  0.0%
      1 |     0 |  25 |   5 | 16.7%
      2 |     0 |  23 |   7 | 23.3%
      3 |     0 |  26 |   4 | 13.3%
      4 |     0 |  25 |   5 | 16.7%
      5 |     0 |  26 |   4 | 13.3%
      6 |     0 |  25 |   5 | 16.7%
      7 |     0 |  22 |   8 | 26.7%
      8 |     0 |  26 |   4 | 13.3%
      9 |     0 |  22 |   8 | 26.7%
     10 |     0 |  30 |   0 |  0.0%
    合計内部 (出力含む): 260 興奮 + 50 抑制 = 310 (✓ 抑制比 16.1%)

== Phase 1: 訓練前評価 ==

  -- PRE --
    selectivity   : 0.288  (within 0.495 - between 0.207)
    active outputs: 30 / 30
    hit /syllable : pa:30/30  ki:13/30  tu:14/30  se:13/30  mo:8/30  (across 20 samples)
    total spikes  : pa:364  ki:220  tu:218  se:376  mo:187  
    出力スパイク時刻分布 (ms, 試行 0-300ms 内):
      p10=76.0  p25=133.0  p50=158.0  p75=186.0  p90=280.5  mean=164.8  (n=1365)

== Phase 2: 訓練 5000 試行 (音節ランダム選択) ==
  snap_interval = 500
    500  within=0.938  sel=0.333  act=10/30  ent_μ=61.3  cond_μ=5.4  open=13988  grown/pruned=988/0
   1000  within=0.980  sel=0.343  act=10/30  ent_μ=61.5  cond_μ=5.2  open=13988  grown/pruned=988/0
   1500  within=0.991  sel=0.443  act=10/30  ent_μ=60.0  cond_μ=5.1  open=13434  grown/pruned=988/554
   2000  within=1.000  sel=0.452  act=10/30  ent_μ=60.2  cond_μ=5.1  open=6784  grown/pruned=988/7204
   2500  within=1.000  sel=0.428  act=10/30  ent_μ=60.1  cond_μ=5.1  open=6634  grown/pruned=988/7354
   3000  within=1.000  sel=0.389  act=10/30  ent_μ=60.3  cond_μ=5.1  open=6462  grown/pruned=988/7526
   3500  within=1.000  sel=0.452  act=10/30  ent_μ=60.3  cond_μ=5.1  open=6441  grown/pruned=988/7547
   4000  within=1.000  sel=0.428  act=10/30  ent_μ=60.0  cond_μ=5.0  open=6441  grown/pruned=988/7547
   4500  within=1.000  sel=0.428  act=10/30  ent_μ=60.3  cond_μ=5.1  open=6441  grown/pruned=988/7547
   5000  within=1.000  sel=0.428  act=10/30  ent_μ=60.1  cond_μ=5.1  open=6441  grown/pruned=988/7547

== Phase 3: 訓練後評価 (出力 layer 30) ==

  -- POST (output) --
    selectivity   : 0.428  (within 1.000 - between 0.572)
    active outputs: 10 / 30
    hit /syllable : pa:8/30  ki:8/30  tu:8/30  se:10/30  mo:8/30  (across 20 samples)
    total spikes  : pa:160  ki:200  tu:160  se:240  mo:240  
    出力スパイク時刻分布 (ms, 試行 0-300ms 内):
      p10=148.5  p25=151.0  p50=158.5  p75=164.5  p90=294.5  mean=169.4  (n=1000)

══════════════════════════════════════════════════════════
== Phase 3b: 内部 640 ニューロン全体での再評価 ==
══════════════════════════════════════════════════════════
  内部ニューロン数 (出力含む): 310
  -- POST (internal 310) --
    selectivity   : 0.372  (within 0.996 - between 0.624)
    fingerprint dim: 310 × 30 bin = 9300

══════════════════════════════════════════════════════════
  M0+M1 3D 音素識別サマリ
  軸索成長 累積=988 刈り取り累積=7547
  open シナプス: 6441/13988
  CSV: phase3_3d_phoneme_snapshots.csv
