== Phase 2 Fork F-G1-R1 (vitality + LTD復活 + enthalpy 統合 + 過剰接続) 固定 A-E パターン訓練版 ==
  訓練入力 = 確率的ホワイトノイズ (p=0.00167/step/input)
  内部機構は決定論的、外部刺激は環境のランダム性そのまま
  評価入力 = 固定 A-E (比較可能性のため)

  グリッド: 20x20
  ニューロン: input=20 exc=320 inh=60
  入力 fanout: 80
  軸索成長周期: 200 step

  実構築:
    neurons     : 400
    synapses    : 15600 (open=15600, plastic=15600)
    memory      : 704 KB

  評価パターン (新 A-E, 0-95ms 5ms step):
    A: [0.0, 5.0, 10.0, 15.0, 20.0, 25.0, 30.0, 35.0]
    B: [95.0, 90.0, 85.0, 80.0, 75.0, 70.0, 65.0, 60.0]
    C: [0.0, 50.0, 5.0, 55.0, 10.0, 60.0, 15.0, 65.0]
    D: [50.0, 55.0, 60.0, 65.0, 70.0, 75.0, 80.0, 85.0]
    E: [60.0, 10.0, 50.0, 80.0, 15.0, 90.0, 55.0, 0.0]

== Phase 1: 訓練前評価 ==

  -- PRE --
    selectivity   : 0.055  (within 0.787 - between 0.732)
    active outputs: 40 / 40
    hit /pattern  : A:40/40  B:31/40  C:29/40  D:29/40  E:28/40  (across 20 samples)
    total spikes  : A:872  B:750  C:592  D:759  E:540  
  topology dump (PRE): phase2_f_fixed_topo_syn_pre.csv (16203 syn, 603 new since build)

== Phase 2: 訓練 10000 試行 (固定 A-E パターン入力、報酬なし、target なし、apply_* なし) ==
  snap_interval = 500 step
  trial  within  select  active  silent  ent_μ  ent_max  enth_μ  cond_μ/max  open  grown/pruned
    500  0.764   0.138   24/40  0.40   105.2   520   10.0   25.0/100   16204   604/0  sp=1.000
   1000  0.754   0.297   24/40  0.40   104.5   545   10.0   22.7/100   16204   604/0  sp=1.000
   1500  0.901   0.242   24/40  0.40   103.0   545   10.0   20.2/100   16124   604/80  sp=0.995
   2000  0.884   0.204   23/40  0.42   102.3   500   10.0   19.6/100   14461   605/1744  sp=0.892
