warning: unused import: `GROWTH_THRESHOLD`
 --> src\..\src_phase2\thermo_network.rs:7:45
  |
7 |     axon_growth_step, build_position_index, GROWTH_THRESHOLD,
  |                                             ^^^^^^^^^^^^^^^^
  |
  = note: `#[warn(unused_imports)]` (part of `#[warn(unused)]`) on by default

warning: unused import: `VecDeque`
  --> src\..\src_phase2\thermo_network.rs:14:33
   |
14 | use std::collections::{HashMap, VecDeque};
   |                                 ^^^^^^^^

warning: unused import: `GROWTH_THRESHOLD`
 --> src\..\src_phase2_a\thermo_network.rs:7:45
  |
7 |     axon_growth_step, build_position_index, GROWTH_THRESHOLD,
  |                                             ^^^^^^^^^^^^^^^^

warning: unused import: `VecDeque`
  --> src\..\src_phase2_a\thermo_network.rs:14:33
   |
14 | use std::collections::{HashMap, VecDeque};
   |                                 ^^^^^^^^

warning: unused import: `GROWTH_THRESHOLD`
 --> src\..\src_phase2_b\thermo_network.rs:7:45
  |
7 |     axon_growth_step, build_position_index, GROWTH_THRESHOLD,
  |                                             ^^^^^^^^^^^^^^^^

warning: unused import: `VecDeque`
  --> src\..\src_phase2_b\thermo_network.rs:14:33
   |
14 | use std::collections::{HashMap, VecDeque};
   |                                 ^^^^^^^^

warning: unused import: `GROWTH_THRESHOLD`
 --> src\..\src_phase2_c\thermo_network.rs:7:45
  |
7 |     axon_growth_step, build_position_index, GROWTH_THRESHOLD,
  |                                             ^^^^^^^^^^^^^^^^

warning: unused import: `VecDeque`
  --> src\..\src_phase2_c\thermo_network.rs:14:33
   |
14 | use std::collections::{HashMap, VecDeque};
   |                                 ^^^^^^^^

warning: unused import: `GROWTH_THRESHOLD`
 --> src\..\src_phase2_d\thermo_network.rs:7:45
  |
7 |     axon_growth_step, build_position_index, GROWTH_THRESHOLD,
  |                                             ^^^^^^^^^^^^^^^^

warning: unused import: `OPEN_THRESHOLD`
  --> src\..\src_phase2_d\thermo_network.rs:10:44
   |
10 | use super::thermo_synapse::{ThermoSynapse, OPEN_THRESHOLD};
   |                                            ^^^^^^^^^^^^^^

warning: unused import: `VecDeque`
  --> src\..\src_phase2_d\thermo_network.rs:14:33
   |
14 | use std::collections::{HashMap, VecDeque};
   |                                 ^^^^^^^^

warning: unused import: `GROWTH_THRESHOLD`
 --> src\..\src_phase2_e\thermo_network.rs:7:45
  |
7 |     axon_growth_step, build_position_index, GROWTH_THRESHOLD,
  |                                             ^^^^^^^^^^^^^^^^

warning: unused import: `VecDeque`
  --> src\..\src_phase2_e\thermo_network.rs:14:33
   |
14 | use std::collections::{HashMap, VecDeque};
   |                                 ^^^^^^^^

warning: unused import: `GROWTH_THRESHOLD`
 --> src\..\src_phase2_f\thermo_network.rs:7:45
  |
7 |     axon_growth_step, build_position_index, GROWTH_THRESHOLD,
  |                                             ^^^^^^^^^^^^^^^^

warning: unused import: `VecDeque`
  --> src\..\src_phase2_f\thermo_network.rs:14:33
   |
14 | use std::collections::{HashMap, VecDeque};
   |                                 ^^^^^^^^

warning: method `accumulate_eligibility` is never used
   --> src\network.rs:393:8
    |
124 | impl Network {
    | ------------ method in this implementation
...
393 |     fn accumulate_eligibility(&mut self, s_idx: usize, delta: f64) {
    |        ^^^^^^^^^^^^^^^^^^^^^^
    |
    = note: `#[warn(dead_code)]` (part of `#[warn(unused)]`) on by default

warning: field `is_inh` is never read
   --> src\binary_network.rs:162:5
    |
148 | pub struct BinaryNetwork {
    |            ------------- field in this struct
...
162 |     is_inh: Vec<bool>,
    |     ^^^^^^

warning: method `accumulate_eligibility` is never used
   --> src\binary_network.rs:366:8
    |
169 | impl BinaryNetwork {
    | ------------------ method in this implementation
...
366 |     fn accumulate_eligibility(&mut self, s_idx: usize, delta: f32) {
    |        ^^^^^^^^^^^^^^^^^^^^^^

warning: `spiking_brain` (lib) generated 18 warnings (run `cargo fix --lib -p spiking_brain` to apply 15 suggestions)
    Finished `release` profile [optimized] target(s) in 0.13s
     Running `target\release\m0_m1_3d_pipeline.exe 5000 120 full`
== M0+M1 3D パイプライン: 音素 5 種識別 (HCP 12 近傍) ==
  音素: pa, ki, tu, se, mo
  M0: 20 帯域蝸牛 (ERB スケール 50Hz-4kHz)
  M1 3D: grid 5×6×22 = 660 セル (柱状 HCP)
    底面 z=0 (30): 入力 20 中央 + 内部 10
    内部 z=1..20 (600): 興奮 500 + 抑制 110 (18%)
    上面 z=21 (30): 出力 30 完全充填
  評価: 時間 bin 化 fingerprint (30 出力 × 30 bin = 900 dim)
  ★ input_fanout オーバーライド: 120 (デフォルト 80)
  ★ overconnect_mode: FullPair (fanout=9999)
  UP/DOWN 状態: 無効 (dense 入力では過剰刺激、§5.12.7-A)

  音節波形を生成中...
    pa: 3200 samples, RMS=4634
    ki: 3200 samples, RMS=4609
    tu: 3200 samples, RMS=4780
    se: 3200 samples, RMS=7235
    mo: 3200 samples, RMS=3391

  ネットワーク:
    neurons   : 660
    synapses  : 343270 (open=343270)
    fanout    : input=120, grid=5×6×22

  z 層別ニューロン分布 (input/exc/inh):
    z   | input | exc | inh | inh%
    ----|-------|-----|-----|-----
      0 |    20 |   8 |   2 | 20.0%
      1 |     0 |  23 |   7 | 23.3%
      2 |     0 |  20 |  10 | 33.3%
      3 |     0 |  24 |   6 | 20.0%
      4 |     0 |  25 |   5 | 16.7%
      5 |     0 |  22 |   8 | 26.7%
      6 |     0 |  26 |   4 | 13.3%
      7 |     0 |  26 |   4 | 13.3%
      8 |     0 |  22 |   8 | 26.7%
      9 |     0 |  23 |   7 | 23.3%
     10 |     0 |  25 |   5 | 16.7%
     11 |     0 |  26 |   4 | 13.3%
     12 |     0 |  27 |   3 | 10.0%
     13 |     0 |  27 |   3 | 10.0%
     14 |     0 |  25 |   5 | 16.7%
     15 |     0 |  27 |   3 | 10.0%
     16 |     0 |  23 |   7 | 23.3%
     17 |     0 |  28 |   2 |  6.7%
     18 |     0 |  25 |   5 | 16.7%
     19 |     0 |  23 |   7 | 23.3%
     20 |     0 |  25 |   5 | 16.7%
     21 |     0 |  30 |   0 |  0.0%
    合計内部 (出力含む): 530 興奮 + 110 抑制 = 640 (✓ 抑制比 17.2%)

== Phase 1: 訓練前評価 ==

  -- PRE --
    selectivity   : 0.014  (within 0.105 - between 0.091)
    active outputs: 30 / 30
    hit /syllable : pa:30/30  ki:15/30  tu:18/30  se:15/30  mo:15/30  (across 20 samples)
    total spikes  : pa:2881  ki:244  tu:325  se:266  mo:256  
    出力スパイク時刻分布 (ms, 試行 0-300ms 内):
      p10=45.0  p25=75.0  p50=127.0  p75=242.0  p90=270.5  mean=150.3  (n=3972)

== Phase 2: 訓練 5000 試行 (音節ランダム選択) ==
  snap_interval = 500
    500  within=0.985  sel=0.375  act=15/30  ent_μ=568.3  cond_μ=20.1  open=344080  grown/pruned=810/0
   1000  within=0.994  sel=0.384  act=15/30  ent_μ=575.0  cond_μ=20.1  open=344087  grown/pruned=817/0
   1500  within=0.988  sel=0.378  act=15/30  ent_μ=576.9  cond_μ=20.1  open=343826  grown/pruned=818/262
   2000  within=0.992  sel=0.382  act=15/30  ent_μ=578.2  cond_μ=20.1  open=343561  grown/pruned=820/529
   2500  within=0.997  sel=0.368  act=15/30  ent_μ=581.1  cond_μ=20.2  open=343564  grown/pruned=826/532
   3000  within=0.996  sel=0.382  act=15/30  ent_μ=582.6  cond_μ=20.3  open=218702  grown/pruned=829/125397
   3500  within=1.000  sel=0.386  act=15/30  ent_μ=583.3  cond_μ=20.3  open=217424  grown/pruned=829/126675
   4000  within=0.992  sel=0.339  act=15/30  ent_μ=584.0  cond_μ=20.3  open=217424  grown/pruned=829/126675
   4500  within=0.997  sel=0.374  act=15/30  ent_μ=584.3  cond_μ=20.3  open=217424  grown/pruned=829/126675
   5000  within=0.992  sel=0.368  act=15/30  ent_μ=584.3  cond_μ=20.3  open=217424  grown/pruned=829/126675

== Phase 3: 訓練後評価 (出力 layer 30) ==

  -- POST (output) --
    selectivity   : 0.357  (within 0.989 - between 0.632)
    active outputs: 15 / 30
    hit /syllable : pa:15/30  ki:15/30  tu:15/30  se:15/30  mo:15/30  (across 20 samples)
    total spikes  : pa:300  ki:300  tu:300  se:300  mo:600  
    出力スパイク時刻分布 (ms, 試行 0-300ms 内):
      p10=173.0  p25=182.0  p50=194.0  p75=205.0  p90=291.0  mean=204.7  (n=1800)

══════════════════════════════════════════════════════════
== Phase 3b: 内部 640 ニューロン全体での再評価 ==
══════════════════════════════════════════════════════════
  内部ニューロン数 (出力含む): 640
  -- POST (internal 640) --
    selectivity   : 0.344  (within 0.993 - between 0.649)
    fingerprint dim: 640 × 30 bin = 19200

══════════════════════════════════════════════════════════
  M0+M1 3D 音素識別サマリ
  軸索成長 累積=829 刈り取り累積=126675
  open シナプス: 217424/344099
  CSV: phase3_3d_phoneme_snapshots.csv
