== Phase 2 Fork F-G1-R1 (vitality + LTD復活 + enthalpy 統合 + 過剰接続) ホワイトノイズ (相関・推奨)訓練版 ==
  訓練入力 = 確率的ホワイトノイズ (p=0.00167/step/input)
  内部機構は決定論的、外部刺激は環境のランダム性そのまま
  評価入力 = 固定 A-E (比較可能性のため)

  グリッド: 20x22
  ニューロン: input=20 exc=344 inh=76
  入力 fanout: 80
  軸索成長周期: 200 step

  実構築:
    neurons     : 440
    synapses    : 16880 (open=16880, plastic=16880)
    memory      : 764 KB

  評価パターン (新 A-E, 0-95ms 5ms step):
    A: [0.0, 5.0, 10.0, 15.0, 20.0, 25.0, 30.0, 35.0]
    B: [95.0, 90.0, 85.0, 80.0, 75.0, 70.0, 65.0, 60.0]
    C: [0.0, 50.0, 5.0, 55.0, 10.0, 60.0, 15.0, 65.0]
    D: [50.0, 55.0, 60.0, 65.0, 70.0, 75.0, 80.0, 85.0]
    E: [60.0, 10.0, 50.0, 80.0, 15.0, 90.0, 55.0, 0.0]

== Phase 1: 訓練前評価 ==

  -- PRE --
    selectivity   : 0.472  (within 0.593 - between 0.120)
    active outputs: 39 / 40
    hit /pattern  : A:39/40  B:35/40  C:31/40  D:32/40  E:26/40  (across 20 samples)
    total spikes  : A:885  B:887  C:656  D:786  E:567  
  topology dump (PRE): phase2_f_whitenoise_topo_syn_pre.csv (17874 syn, 994 new since build)

== Phase 2: 訓練 10000 試行 (ホワイトノイズ (相関・推奨)入力、報酬なし、target なし、apply_* なし) ==
  snap_interval = 500 step
  trial  within  select  active  silent  ent_μ  ent_max  enth_μ  cond_μ/max  open  grown/pruned
  [record] 入出力スパイクログを CSV 出力します
    500  0.289   -0.046   10/40  0.75   73.6   410   9.9   3.9/100   17899   1019/0  sp=1.000
   1000  0.224   -0.074   10/40  0.75   74.4   410   9.9   4.0/100   17910   1030/0  sp=1.000
   1500  0.252   -0.071   10/40  0.75   70.8   360   9.9   3.7/100   17911   1031/0  sp=1.000
   2000  0.224   -0.071   10/40  0.75   75.2   400   9.9   3.9/100   17912   1032/0  sp=1.000
   2500  0.232   -0.067   10/40  0.75   74.1   400   9.9   3.9/100   17913   1033/0  sp=1.000
   3000  0.234   -0.072   10/40  0.75   72.0   370   9.9   3.7/100   17915   1035/0  sp=1.000
   3500  0.249   -0.038   10/40  0.75   76.2   400   9.9   4.0/100   17916   1036/0  sp=1.000
   4000  0.256   -0.065   10/40  0.75   71.4   420   9.9   3.8/100   17918   1038/0  sp=1.000
   4500  0.229   -0.054   10/40  0.75   73.6   390   9.9   4.0/100   17918   1038/0  sp=1.000
   5000  0.258   -0.037   10/40  0.75   70.4   360   9.9   3.8/100   16158   1038/1760  sp=0.902
   5500  0.254   -0.050   10/40  0.75   75.2   410   9.9   4.0/100   16118   1038/1800  sp=0.900
   6000  0.182   -0.086   10/40  0.75   77.2   420   9.9   4.2/100   15838   1040/2082  sp=0.884
   6500  0.235   -0.050   10/40  0.75   74.4   430   9.9   4.0/100   15516   1041/2405  sp=0.866
   7000  0.244   -0.050   10/40  0.75   73.5   380   9.9   3.9/100   14997   1042/2925  sp=0.837
   7500  0.264   -0.065   10/40  0.75   70.9   370   9.9   3.7/100   14434   1042/3488  sp=0.805
   8000  0.235   -0.071   10/40  0.75   74.9   410   9.9   4.0/100   13389   1043/4534  sp=0.747
   8500  0.296   -0.041   10/40  0.75   71.0   360   9.9   3.7/100   12748   1043/5175  sp=0.711
   9000  0.224   -0.060   10/40  0.75   72.3   365   9.9   3.8/100   11696   1044/6228  sp=0.653
   9500  0.238   -0.064   10/40  0.75   73.2   370   9.9   3.9/100   11010   1046/6916  sp=0.614
  10000  0.250   -0.038   10/40  0.75   74.0   410   9.9   4.0/100   6142   1046/11784  sp=0.343
  [record] spike logs: phase2_f_whitenoise_input_spikes.csv (154985 events) / phase2_f_whitenoise_output_spikes.csv (118919 events)
  topology dump (POST): phase2_f_whitenoise_topo_syn_post.csv (17926 syn, 1046 new)

== Phase 3: 訓練後評価 ==

  -- POST --
    selectivity   : 0.497  (within 0.704 - between 0.207)
    active outputs: 10 / 40
    hit /pattern  : A:10/40  B:10/40  C:10/40  D:10/40  E:10/40  (across 20 samples)
    total spikes  : A:215  B:351  C:216  D:271  E:227  

══════════════════════════════════════════════════════════
              Phase 2 動作確認サマリ
══════════════════════════════════════════════════════════
  PRE  selectivity=0.472  within=0.593  active=39/40
  POST selectivity=0.497  within=0.704  active=10/40
  最終 entropy μ=91.3 max=470
  最終 conductance μ=4.7 max=100
  軸索成長 累積=1049 刈り取り累積=11784
  open シナプス: 6145/17929

  CSV: phase2_f_whitenoise_snapshots.csv
