warning: unused import: `GROWTH_THRESHOLD`
 --> src\..\src_phase2\thermo_network.rs:7:45
  |
7 |     axon_growth_step, build_position_index, GROWTH_THRESHOLD,
  |                                             ^^^^^^^^^^^^^^^^
  |
  = note: `#[warn(unused_imports)]` (part of `#[warn(unused)]`) on by default

warning: unused import: `VecDeque`
  --> src\..\src_phase2\thermo_network.rs:14:33
   |
14 | use std::collections::{HashMap, VecDeque};
   |                                 ^^^^^^^^

warning: unused import: `GROWTH_THRESHOLD`
 --> src\..\src_phase2_a\thermo_network.rs:7:45
  |
7 |     axon_growth_step, build_position_index, GROWTH_THRESHOLD,
  |                                             ^^^^^^^^^^^^^^^^

warning: unused import: `VecDeque`
  --> src\..\src_phase2_a\thermo_network.rs:14:33
   |
14 | use std::collections::{HashMap, VecDeque};
   |                                 ^^^^^^^^

warning: unused import: `GROWTH_THRESHOLD`
 --> src\..\src_phase2_b\thermo_network.rs:7:45
  |
7 |     axon_growth_step, build_position_index, GROWTH_THRESHOLD,
  |                                             ^^^^^^^^^^^^^^^^

warning: unused import: `VecDeque`
  --> src\..\src_phase2_b\thermo_network.rs:14:33
   |
14 | use std::collections::{HashMap, VecDeque};
   |                                 ^^^^^^^^

warning: unused import: `GROWTH_THRESHOLD`
 --> src\..\src_phase2_c\thermo_network.rs:7:45
  |
7 |     axon_growth_step, build_position_index, GROWTH_THRESHOLD,
  |                                             ^^^^^^^^^^^^^^^^

warning: unused import: `VecDeque`
  --> src\..\src_phase2_c\thermo_network.rs:14:33
   |
14 | use std::collections::{HashMap, VecDeque};
   |                                 ^^^^^^^^

warning: unused import: `GROWTH_THRESHOLD`
 --> src\..\src_phase2_d\thermo_network.rs:7:45
  |
7 |     axon_growth_step, build_position_index, GROWTH_THRESHOLD,
  |                                             ^^^^^^^^^^^^^^^^

warning: unused import: `OPEN_THRESHOLD`
  --> src\..\src_phase2_d\thermo_network.rs:10:44
   |
10 | use super::thermo_synapse::{ThermoSynapse, OPEN_THRESHOLD};
   |                                            ^^^^^^^^^^^^^^

warning: unused import: `VecDeque`
  --> src\..\src_phase2_d\thermo_network.rs:14:33
   |
14 | use std::collections::{HashMap, VecDeque};
   |                                 ^^^^^^^^

warning: unused import: `GROWTH_THRESHOLD`
 --> src\..\src_phase2_e\thermo_network.rs:7:45
  |
7 |     axon_growth_step, build_position_index, GROWTH_THRESHOLD,
  |                                             ^^^^^^^^^^^^^^^^

warning: unused import: `VecDeque`
  --> src\..\src_phase2_e\thermo_network.rs:14:33
   |
14 | use std::collections::{HashMap, VecDeque};
   |                                 ^^^^^^^^

warning: unused import: `GROWTH_THRESHOLD`
 --> src\..\src_phase2_f\thermo_network.rs:7:45
  |
7 |     axon_growth_step, build_position_index, GROWTH_THRESHOLD,
  |                                             ^^^^^^^^^^^^^^^^

warning: unused import: `VecDeque`
  --> src\..\src_phase2_f\thermo_network.rs:14:33
   |
14 | use std::collections::{HashMap, VecDeque};
   |                                 ^^^^^^^^

warning: method `accumulate_eligibility` is never used
   --> src\network.rs:393:8
    |
124 | impl Network {
    | ------------ method in this implementation
...
393 |     fn accumulate_eligibility(&mut self, s_idx: usize, delta: f64) {
    |        ^^^^^^^^^^^^^^^^^^^^^^
    |
    = note: `#[warn(dead_code)]` (part of `#[warn(unused)]`) on by default

warning: field `is_inh` is never read
   --> src\binary_network.rs:162:5
    |
148 | pub struct BinaryNetwork {
    |            ------------- field in this struct
...
162 |     is_inh: Vec<bool>,
    |     ^^^^^^

warning: method `accumulate_eligibility` is never used
   --> src\binary_network.rs:366:8
    |
169 | impl BinaryNetwork {
    | ------------------ method in this implementation
...
366 |     fn accumulate_eligibility(&mut self, s_idx: usize, delta: f32) {
    |        ^^^^^^^^^^^^^^^^^^^^^^

warning: variable `zN_w` should have a snake case name
   --> src\..\src_phase3_3d\thermo_network_3d.rs:112:14
    |
112 |         let (zN_w, zN_h) = layer_grids[(grid_d - 1) as usize];
    |              ^^^^ help: convert the identifier to snake case: `z_n_w`
    |
    = note: `#[warn(non_snake_case)]` (part of `#[warn(nonstandard_style)]`) on by default

warning: variable `zN_h` should have a snake case name
   --> src\..\src_phase3_3d\thermo_network_3d.rs:112:20
    |
112 |         let (zN_w, zN_h) = layer_grids[(grid_d - 1) as usize];
    |                    ^^^^ help: convert the identifier to snake case: `z_n_h`

warning: variable `zN_w` should have a snake case name
   --> src\..\src_phase3_3d\thermo_network_3d.rs:318:22
    |
318 |                 let (zN_w, zN_h) = layer_grids[(config.grid_d - 1) as usize];
    |                      ^^^^ help: convert the identifier to snake case: `z_n_w`

warning: variable `zN_h` should have a snake case name
   --> src\..\src_phase3_3d\thermo_network_3d.rs:318:28
    |
318 |                 let (zN_w, zN_h) = layer_grids[(config.grid_d - 1) as usize];
    |                            ^^^^ help: convert the identifier to snake case: `z_n_h`

warning: `spiking_brain` (lib) generated 22 warnings (run `cargo fix --lib -p spiking_brain` to apply 15 suggestions)
warning: unused import: `std::fs::File`
  --> src_phase2_f\bin\m0_m1_m2_pipeline.rs:28:5
   |
28 | use std::fs::File;
   |     ^^^^^^^^^^^^^
   |
   = note: `#[warn(unused_imports)]` (part of `#[warn(unused)]`) on by default

warning: unused import: `std::io::Write as IoWrite`
  --> src_phase2_f\bin\m0_m1_m2_pipeline.rs:29:5
   |
29 | use std::io::Write as IoWrite;
   |     ^^^^^^^^^^^^^^^^^^^^^^^^^

warning: `spiking_brain` (bin "m0_m1_m2_pipeline") generated 2 warnings (run `cargo fix --bin "m0_m1_m2_pipeline" -p spiking_brain` to apply 2 suggestions)
    Finished `release` profile [optimized] target(s) in 0.07s
     Running `target\release\m0_m1_m2_pipeline.exe 5000`
== M0+M1+M2 統合パイプライン (3 階層) ==
  M0 蝸牛: 20 帯域 ERB
  M1 A1  : 20→40 (Fork F-G1-R1 v2)
  M2 A2  : 20→40 (M1 出力 40 を集約して 20 入力に)
  集約則: M2 入力 i = M1 出力 {2i, 2i+1} の発火イベント
  音素   : pa, ki, tu, se, mo

  音節波形を生成中...

  M1: neurons=440, synapses=16880
  M2: neurons=440, synapses=16880

== Phase 1: 訓練前評価 ==

  -- PRE --
    M1 出力 (40 ニューロン): selectivity=0.179 (within 0.326 - between 0.147)
    M2 出力 (40 ニューロン): selectivity=0.062 (within 0.328 - between 0.266)

== Phase 2: 訓練 5000 試行 ==
  trial   500: M1 open=17711 cond μ=5.1 | M2 open=17777 cond μ=5.0
  trial  1000: M1 open=17713 cond μ=5.0 | M2 open=17784 cond μ=5.0
  trial  1500: M1 open=17714 cond μ=5.0 | M2 open=17784 cond μ=5.0
  trial  2000: M1 open=7489 cond μ=5.0 | M2 open=6678 cond μ=5.0
  trial  2500: M1 open=7163 cond μ=4.9 | M2 open=6298 cond μ=5.0
  trial  3000: M1 open=7080 cond μ=5.0 | M2 open=6298 cond μ=5.0
  trial  3500: M1 open=7080 cond μ=4.9 | M2 open=6298 cond μ=5.0
  trial  4000: M1 open=7080 cond μ=4.9 | M2 open=6298 cond μ=5.0
  trial  4500: M1 open=7080 cond μ=4.9 | M2 open=6298 cond μ=5.0
  trial  5000: M1 open=7080 cond μ=4.9 | M2 open=6298 cond μ=5.0

== Phase 3: 訓練後評価 ==

  -- POST --
    M1 出力 (40 ニューロン): selectivity=0.254 (within 0.989 - between 0.736)
    M2 出力 (40 ニューロン): selectivity=0.270 (within 0.996 - between 0.725)

══════════════════════════════════════════════════════════
  M0+M1+M2 統合サマリ
  M1 軸索成長 834 刈り取り 10634 open 7080/17714
  M2 軸索成長 904 刈り取り 11486 open 6298/17784
