== Phase 2 Fork F-G1-R1 (vitality + LTD復活 + enthalpy 統合 + 過剰接続) 固定 A-E パターン訓練版 ==
  訓練入力 = 確率的ホワイトノイズ (p=0.00167/step/input)
  内部機構は決定論的、外部刺激は環境のランダム性そのまま
  評価入力 = 固定 A-E (比較可能性のため)

  グリッド: 20x22
  ニューロン: input=20 exc=344 inh=76
  入力 fanout: 80
  軸索成長周期: 200 step

  実構築:
    neurons     : 440
    synapses    : 16880 (open=16880, plastic=16880)
    memory      : 764 KB

  評価パターン (新 A-E, 0-95ms 5ms step):
    A: [0.0, 5.0, 10.0, 15.0, 20.0, 25.0, 30.0, 35.0]
    B: [95.0, 90.0, 85.0, 80.0, 75.0, 70.0, 65.0, 60.0]
    C: [0.0, 50.0, 5.0, 55.0, 10.0, 60.0, 15.0, 65.0]
    D: [50.0, 55.0, 60.0, 65.0, 70.0, 75.0, 80.0, 85.0]
    E: [60.0, 10.0, 50.0, 80.0, 15.0, 90.0, 55.0, 0.0]

== Phase 1: 訓練前評価 ==

  -- PRE --
    selectivity   : 0.472  (within 0.593 - between 0.120)
    active outputs: 39 / 40
    hit /pattern  : A:39/40  B:35/40  C:31/40  D:32/40  E:26/40  (across 20 samples)
    total spikes  : A:885  B:887  C:656  D:786  E:567  
  topology dump (PRE): phase2_f_fixed_topo_syn_pre.csv (17874 syn, 994 new since build)

== Phase 2: 訓練 10000 試行 (固定 A-E パターン入力、報酬なし、target なし、apply_* なし) ==
  snap_interval = 500 step
  trial  within  select  active  silent  ent_μ  ent_max  enth_μ  cond_μ/max  open  grown/pruned
    500  0.904   0.774   30/40  0.25   103.0   520   10.0   24.6/100   17913   1033/0  sp=1.000
   1000  0.879   0.732   27/40  0.33   102.8   520   10.0   23.2/100   17916   1036/0  sp=1.000
   1500  0.875   0.730   24/40  0.40   101.0   510   10.0   21.5/100   17444   1044/480  sp=0.973
   2000  0.901   0.737   22/40  0.45   100.8   505   10.0   20.9/100   16043   1047/1884  sp=0.895
   2500  0.890   0.718   22/40  0.45   101.1   510   10.0   20.5/100   15562   1048/2366  sp=0.868
   3000  0.893   0.733   22/40  0.45   101.0   520   10.0   20.4/100   15242   1048/2686  sp=0.850
   3500  0.915   0.786   22/40  0.45   101.6   505   10.0   20.5/100   14410   1049/3519  sp=0.804
   4000  0.901   0.747   22/40  0.45   99.4   500   10.0   20.1/100   14000   1049/3929  sp=0.781
   4500  0.877   0.693   21/40  0.47   99.6   510   10.0   18.5/100   13644   1053/4289  sp=0.761
   5000  0.875   0.718   21/40  0.47   98.5   510   10.0   18.1/100   13282   1054/4652  sp=0.741
   5500  0.903   0.717   21/40  0.47   98.9   510   10.0   17.8/100   13160   1054/4774  sp=0.734
   6000  0.876   0.685   21/40  0.47   98.8   500   10.0   17.5/100   13079   1054/4855  sp=0.729
   6500  0.889   0.724   21/40  0.47   97.5   495   10.0   17.0/100   13080   1055/4855  sp=0.729
   7000  0.895   0.747   21/40  0.47   98.1   495   10.0   17.1/100   12970   1055/4965  sp=0.723
   7500  0.888   0.713   21/40  0.47   97.2   495   10.0   16.6/100   12760   1055/5175  sp=0.711
   8000  0.925   0.750   21/40  0.47   96.9   485   10.0   16.5/100   12436   1057/5501  sp=0.693
   8500  0.896   0.730   20/40  0.50   97.7   500   10.0   16.3/100   12312   1057/5625  sp=0.686
   9000  0.881   0.720   20/40  0.50   96.7   485   10.0   16.2/100   12272   1057/5665  sp=0.684
   9500  0.846   0.667   19/40  0.53   96.4   485   10.0   15.9/100   12060   1057/5877  sp=0.672
  10000  0.922   0.767   19/40  0.53   97.5   480   10.0   16.1/100   12020   1057/5917  sp=0.670
  topology dump (POST): phase2_f_fixed_topo_syn_post.csv (17937 syn, 1057 new)

== Phase 3: 訓練後評価 ==

  -- POST --
    selectivity   : 0.756  (within 0.921 - between 0.165)
    active outputs: 19 / 40
    hit /pattern  : A:19/40  B:18/40  C:17/40  D:19/40  E:15/40  (across 20 samples)
    total spikes  : A:372  B:461  C:340  D:467  E:301  

══════════════════════════════════════════════════════════
              Phase 2 動作確認サマリ
══════════════════════════════════════════════════════════
  PRE  selectivity=0.472  within=0.593  active=39/40
  POST selectivity=0.756  within=0.921  active=19/40
  最終 entropy μ=97.1 max=490
  最終 conductance μ=16.1 max=100
  軸索成長 累積=1057 刈り取り累積=5917
  open シナプス: 12020/17937

  CSV: phase2_f_fixed_snapshots.csv
