== Phase 2 Fork F-G1-R1 (vitality + LTD復活 + enthalpy 統合 + 過剰接続) ホワイトノイズ (相関・推奨)訓練版 ==
  訓練入力 = 確率的ホワイトノイズ (p=0.00167/step/input)
  内部機構は決定論的、外部刺激は環境のランダム性そのまま
  評価入力 = 固定 A-E (比較可能性のため)

  グリッド: 20x22
  ニューロン: input=20 exc=344 inh=76
  入力 fanout: 80
  軸索成長周期: 200 step

  実構築:
    neurons     : 440
    synapses    : 16880 (open=16880, plastic=16880)
    memory      : 764 KB

  評価パターン (新 A-E, 0-95ms 5ms step):
    A: [0.0, 5.0, 10.0, 15.0, 20.0, 25.0, 30.0, 35.0]
    B: [95.0, 90.0, 85.0, 80.0, 75.0, 70.0, 65.0, 60.0]
    C: [0.0, 50.0, 5.0, 55.0, 10.0, 60.0, 15.0, 65.0]
    D: [50.0, 55.0, 60.0, 65.0, 70.0, 75.0, 80.0, 85.0]
    E: [60.0, 10.0, 50.0, 80.0, 15.0, 90.0, 55.0, 0.0]

== Phase 1: 訓練前評価 ==

  -- PRE --
    selectivity   : 0.410  (within 0.555 - between 0.145)
    active outputs: 39 / 40
    hit /pattern  : A:39/40  B:22/40  C:20/40  D:22/40  E:20/40  (across 20 samples)
    total spikes  : A:688  B:623  C:461  D:577  E:418  
  topology dump (PRE): phase2_f_whitenoise_topo_syn_pre.csv (17920 syn, 1040 new since build)

== Phase 2: 訓練 10000 試行 (ホワイトノイズ (相関・推奨)入力、報酬なし、target なし、apply_* なし) ==
  snap_interval = 500 step
  trial  within  select  active  silent  ent_μ  ent_max  enth_μ  cond_μ/max  open  grown/pruned
  [record] 入出力スパイクログを CSV 出力します
    500  0.417   -0.023   10/40  0.75   65.2   340   9.9   3.7/100   17938   1058/0  sp=1.000
   1000  0.357   -0.049   10/40  0.75   66.4   340   9.9   3.7/100   17948   1068/0  sp=1.000
   1500  0.437   0.013   10/40  0.75   64.5   350   9.9   3.7/100   17642   1071/309  sp=0.983
   2000  0.391   -0.011   10/40  0.75   65.5   340   9.9   3.7/100   11738   1073/6215  sp=0.654
   2500  0.377   -0.025   10/40  0.75   65.0   350   9.9   3.7/100   10872   1076/7084  sp=0.605
   3000  0.374   0.002   10/40  0.75   65.2   340   9.9   3.7/100   9273   1080/8687  sp=0.516
   3500  0.350   -0.057   10/40  0.75   66.5   375   9.9   3.8/100   6211   1080/11749  sp=0.346
   4000  0.439   -0.015   10/40  0.75   64.2   340   9.9   3.6/100   6213   1082/11749  sp=0.346
   4500  0.386   -0.017   10/40  0.75   65.1   340   9.9   3.7/100   6213   1082/11749  sp=0.346
   5000  0.419   0.022   10/40  0.75   64.5   340   9.9   3.6/100   6214   1083/11749  sp=0.346
   5500  0.387   -0.043   10/40  0.75   65.3   340   9.9   3.7/100   6214   1083/11749  sp=0.346
   6000  0.342   -0.044   10/40  0.75   66.1   340   9.9   3.8/100   6214   1083/11749  sp=0.346
   6500  0.360   -0.023   10/40  0.75   65.4   340   9.9   3.7/100   6214   1083/11749  sp=0.346
   7000  0.333   -0.047   10/40  0.75   65.7   340   9.9   3.8/100   6215   1084/11749  sp=0.346
   7500  0.383   -0.045   10/40  0.75   64.8   340   9.9   3.7/100   6215   1084/11749  sp=0.346
   8000  0.328   -0.050   10/40  0.75   66.4   335   9.9   3.8/100   6215   1084/11749  sp=0.346
   8500  0.383   -0.018   10/40  0.75   64.5   340   9.9   3.6/100   6215   1084/11749  sp=0.346
   9000  0.413   -0.004   10/40  0.75   65.7   350   9.9   3.8/100   6216   1085/11749  sp=0.346
   9500  0.373   -0.022   10/40  0.75   65.4   340   9.9   3.7/100   6216   1085/11749  sp=0.346
  10000  0.381   -0.012   10/40  0.75   65.8   350   9.9   3.7/100   6216   1085/11749  sp=0.346
  [record] spike logs: phase2_f_whitenoise_input_spikes.csv (154985 events) / phase2_f_whitenoise_output_spikes.csv (119549 events)
  topology dump (POST): phase2_f_whitenoise_topo_syn_post.csv (17965 syn, 1085 new)

== Phase 3: 訓練後評価 ==

  -- POST --
    selectivity   : 0.282  (within 0.651 - between 0.370)
    active outputs: 10 / 40
    hit /pattern  : A:10/40  B:10/40  C:10/40  D:10/40  E:10/40  (across 20 samples)
    total spikes  : A:215  B:340  C:217  D:246  E:242  

══════════════════════════════════════════════════════════
              Phase 2 動作確認サマリ
══════════════════════════════════════════════════════════
  PRE  selectivity=0.410  within=0.555  active=39/40
  POST selectivity=0.282  within=0.651  active=10/40
  最終 entropy μ=78.1 max=430
  最終 conductance μ=4.4 max=100
  軸索成長 累積=1089 刈り取り累積=11749
  open シナプス: 6220/17969

  CSV: phase2_f_whitenoise_snapshots.csv
