warning: unused import: `GROWTH_THRESHOLD`
 --> src\..\src_phase2\thermo_network.rs:7:45
  |
7 |     axon_growth_step, build_position_index, GROWTH_THRESHOLD,
  |                                             ^^^^^^^^^^^^^^^^
  |
  = note: `#[warn(unused_imports)]` (part of `#[warn(unused)]`) on by default

warning: unused import: `VecDeque`
  --> src\..\src_phase2\thermo_network.rs:14:33
   |
14 | use std::collections::{HashMap, VecDeque};
   |                                 ^^^^^^^^

warning: unused import: `GROWTH_THRESHOLD`
 --> src\..\src_phase2_a\thermo_network.rs:7:45
  |
7 |     axon_growth_step, build_position_index, GROWTH_THRESHOLD,
  |                                             ^^^^^^^^^^^^^^^^

warning: unused import: `VecDeque`
  --> src\..\src_phase2_a\thermo_network.rs:14:33
   |
14 | use std::collections::{HashMap, VecDeque};
   |                                 ^^^^^^^^

warning: unused import: `GROWTH_THRESHOLD`
 --> src\..\src_phase2_b\thermo_network.rs:7:45
  |
7 |     axon_growth_step, build_position_index, GROWTH_THRESHOLD,
  |                                             ^^^^^^^^^^^^^^^^

warning: unused import: `VecDeque`
  --> src\..\src_phase2_b\thermo_network.rs:14:33
   |
14 | use std::collections::{HashMap, VecDeque};
   |                                 ^^^^^^^^

warning: unused import: `GROWTH_THRESHOLD`
 --> src\..\src_phase2_c\thermo_network.rs:7:45
  |
7 |     axon_growth_step, build_position_index, GROWTH_THRESHOLD,
  |                                             ^^^^^^^^^^^^^^^^

warning: unused import: `VecDeque`
  --> src\..\src_phase2_c\thermo_network.rs:14:33
   |
14 | use std::collections::{HashMap, VecDeque};
   |                                 ^^^^^^^^

warning: unused import: `GROWTH_THRESHOLD`
 --> src\..\src_phase2_d\thermo_network.rs:7:45
  |
7 |     axon_growth_step, build_position_index, GROWTH_THRESHOLD,
  |                                             ^^^^^^^^^^^^^^^^

warning: unused import: `OPEN_THRESHOLD`
  --> src\..\src_phase2_d\thermo_network.rs:10:44
   |
10 | use super::thermo_synapse::{ThermoSynapse, OPEN_THRESHOLD};
   |                                            ^^^^^^^^^^^^^^

warning: unused import: `VecDeque`
  --> src\..\src_phase2_d\thermo_network.rs:14:33
   |
14 | use std::collections::{HashMap, VecDeque};
   |                                 ^^^^^^^^

warning: unused import: `GROWTH_THRESHOLD`
 --> src\..\src_phase2_e\thermo_network.rs:7:45
  |
7 |     axon_growth_step, build_position_index, GROWTH_THRESHOLD,
  |                                             ^^^^^^^^^^^^^^^^

warning: unused import: `VecDeque`
  --> src\..\src_phase2_e\thermo_network.rs:14:33
   |
14 | use std::collections::{HashMap, VecDeque};
   |                                 ^^^^^^^^

warning: unused import: `GROWTH_THRESHOLD`
 --> src\..\src_phase2_f\thermo_network.rs:7:45
  |
7 |     axon_growth_step, build_position_index, GROWTH_THRESHOLD,
  |                                             ^^^^^^^^^^^^^^^^

warning: unused import: `VecDeque`
  --> src\..\src_phase2_f\thermo_network.rs:14:33
   |
14 | use std::collections::{HashMap, VecDeque};
   |                                 ^^^^^^^^

warning: method `accumulate_eligibility` is never used
   --> src\network.rs:393:8
    |
124 | impl Network {
    | ------------ method in this implementation
...
393 |     fn accumulate_eligibility(&mut self, s_idx: usize, delta: f64) {
    |        ^^^^^^^^^^^^^^^^^^^^^^
    |
    = note: `#[warn(dead_code)]` (part of `#[warn(unused)]`) on by default

warning: field `is_inh` is never read
   --> src\binary_network.rs:162:5
    |
148 | pub struct BinaryNetwork {
    |            ------------- field in this struct
...
162 |     is_inh: Vec<bool>,
    |     ^^^^^^

warning: method `accumulate_eligibility` is never used
   --> src\binary_network.rs:366:8
    |
169 | impl BinaryNetwork {
    | ------------------ method in this implementation
...
366 |     fn accumulate_eligibility(&mut self, s_idx: usize, delta: f32) {
    |        ^^^^^^^^^^^^^^^^^^^^^^

warning: variable `zN_w` should have a snake case name
   --> src\..\src_phase3_3d\thermo_network_3d.rs:112:14
    |
112 |         let (zN_w, zN_h) = layer_grids[(grid_d - 1) as usize];
    |              ^^^^ help: convert the identifier to snake case: `z_n_w`
    |
    = note: `#[warn(non_snake_case)]` (part of `#[warn(nonstandard_style)]`) on by default

warning: variable `zN_h` should have a snake case name
   --> src\..\src_phase3_3d\thermo_network_3d.rs:112:20
    |
112 |         let (zN_w, zN_h) = layer_grids[(grid_d - 1) as usize];
    |                    ^^^^ help: convert the identifier to snake case: `z_n_h`

warning: variable `zN_w` should have a snake case name
   --> src\..\src_phase3_3d\thermo_network_3d.rs:318:22
    |
318 |                 let (zN_w, zN_h) = layer_grids[(config.grid_d - 1) as usize];
    |                      ^^^^ help: convert the identifier to snake case: `z_n_w`

warning: variable `zN_h` should have a snake case name
   --> src\..\src_phase3_3d\thermo_network_3d.rs:318:28
    |
318 |                 let (zN_w, zN_h) = layer_grids[(config.grid_d - 1) as usize];
    |                            ^^^^ help: convert the identifier to snake case: `z_n_h`

warning: `spiking_brain` (lib) generated 22 warnings (run `cargo fix --lib -p spiking_brain` to apply 15 suggestions)
    Finished `release` profile [optimized] target(s) in 0.04s
     Running `target\release\m0_m1_3d_pipeline.exe 5000 80 random 22 balloon`
== M0+M1 3D パイプライン: 音素 5 種識別 (HCP 12 近傍) ==
  音素: pa, ki, tu, se, mo
  M0: 20 帯域蝸牛 (ERB スケール 50Hz-4kHz)
  M1 3D: grid 5×6×22 = 660 セル (柱状 HCP)
    底面 z=0 (30): 入力 20 中央 + 内部 10
    内部 z=1..20 (600): 興奮 500 + 抑制 110 (18%)
    上面 z=21 (30): 出力 30 完全充填
  評価: 時間 bin 化 fingerprint (30 出力 × 30 bin = 900 dim)
  ★ placement: balloon (5×8×22、 775 cells、 入力 20 → 即時 40 → 緩慢 30)
  ★ input_fanout オーバーライド: 80 (デフォルト 80)
  ★ overconnect_mode: Random (fanout=40)
  UP/DOWN 状態: 無効 (dense 入力では過剰刺激、§5.12.7-A)

  音節波形を生成中...
    pa: 3200 samples, RMS=4634
    ki: 3200 samples, RMS=4609
    tu: 3200 samples, RMS=4780
    se: 3200 samples, RMS=7235
    mo: 3200 samples, RMS=3391

  ネットワーク:
    neurons   : 775
    synapses  : 29180 (open=29180)
    fanout    : input=80, grid=5×8×22

  z 層別ニューロン分布 (input/exc/inh):
    z   | input | exc | inh | inh%
    ----|-------|-----|-----|-----
      0 |    20 |   0 |   0 |  0.0%
      1 |     0 |  31 |   9 | 22.5%
      2 |     0 |  31 |   9 | 22.5%
      3 |     0 |  33 |   7 | 17.5%
      4 |     0 |  34 |   6 | 15.0%
      5 |     0 |  32 |   8 | 20.0%
      6 |     0 |  30 |  10 | 25.0%
      7 |     0 |  37 |   3 |  7.5%
      8 |     0 |  36 |   4 | 10.0%
      9 |     0 |  33 |   7 | 17.5%
     10 |     0 |  34 |   6 | 15.0%
     11 |     0 |  33 |   7 | 17.5%
     12 |     0 |  30 |  10 | 25.0%
     13 |     0 |  28 |   7 | 20.0%
     14 |     0 |  26 |   4 | 13.3%
     15 |     0 |  26 |   4 | 13.3%
     16 |     0 |  24 |   6 | 20.0%
     17 |     0 |  24 |   6 | 20.0%
     18 |     0 |  21 |   9 | 30.0%
     19 |     0 |  26 |   4 | 13.3%
     20 |     0 |  25 |   5 | 16.7%
     21 |     0 |  30 |   0 |  0.0%
    合計内部 (出力含む): 624 興奮 + 131 抑制 = 755 (✓ 抑制比 17.4%)

== Phase 1: 訓練前評価 ==

  -- PRE --
    selectivity   : 0.138  (within 0.527 - between 0.389)
    active outputs: 21 / 30
    hit /syllable : pa:21/30  ki:13/30  tu:14/30  se:9/30  mo:8/30  (across 20 samples)
    total spikes  : pa:285  ki:237  tu:223  se:309  mo:197  
    出力スパイク時刻分布 (ms, 試行 0-300ms 内):
      p10=105.5  p25=151.5  p50=161.0  p75=201.0  p90=290.5  mean=175.0  (n=1251)

== Phase 2: 訓練 5000 試行 (音節ランダム選択) ==
  snap_interval = 500
    500  within=0.933  sel=0.183  act=8/30  ent_μ=61.9  cond_μ=4.1  open=31060  grown/pruned=1880/0
   1000  within=0.963  sel=0.134  act=8/30  ent_μ=61.8  cond_μ=4.0  open=31061  grown/pruned=1881/0
   1500  within=0.968  sel=0.169  act=8/30  ent_μ=61.4  cond_μ=4.0  open=22681  grown/pruned=1881/8380
   2000  within=0.968  sel=0.167  act=8/30  ent_μ=61.3  cond_μ=4.0  open=11190  grown/pruned=1881/19871
   2500  within=0.968  sel=0.163  act=8/30  ent_μ=61.3  cond_μ=4.0  open=10983  grown/pruned=1881/20078
   3000  within=0.958  sel=0.169  act=8/30  ent_μ=61.4  cond_μ=4.0  open=10900  grown/pruned=1881/20161
   3500  within=0.968  sel=0.213  act=8/30  ent_μ=61.4  cond_μ=4.0  open=10880  grown/pruned=1881/20181
   4000  within=0.968  sel=0.216  act=8/30  ent_μ=61.3  cond_μ=4.0  open=10880  grown/pruned=1881/20181
   4500  within=0.951  sel=0.199  act=8/30  ent_μ=61.4  cond_μ=4.0  open=10881  grown/pruned=1882/20181
   5000  within=0.968  sel=0.216  act=8/30  ent_μ=61.4  cond_μ=4.0  open=10881  grown/pruned=1882/20181

== Phase 3: 訓練後評価 (出力 layer 30) ==

  -- POST (output) --
    selectivity   : 0.218  (within 0.972 - between 0.754)
    active outputs: 8 / 30
    hit /syllable : pa:8/30  ki:8/30  tu:8/30  se:8/30  mo:8/30  (across 20 samples)
    total spikes  : pa:220  ki:189  tu:180  se:171  mo:180  
    出力スパイク時刻分布 (ms, 試行 0-300ms 内):
      p10=150.5  p25=152.0  p50=157.0  p75=166.0  p90=296.5  mean=177.5  (n=940)

══════════════════════════════════════════════════════════
== Phase 3b: 内部 640 ニューロン全体での再評価 ==
══════════════════════════════════════════════════════════
  内部ニューロン数 (出力含む): 755
  -- POST (internal 755) --
    selectivity   : 0.297  (within 0.984 - between 0.687)
    fingerprint dim: 755 × 30 bin = 22650

══════════════════════════════════════════════════════════
  M0+M1 3D 音素識別サマリ
  軸索成長 累積=1882 刈り取り累積=20181
  open シナプス: 10881/31062
  CSV: phase3_3d_phoneme_snapshots.csv
